[Licensing::Module] Trying to connect to existing licensing client channel...
[Licensing::IpcConnector] Successfully connected to: "LicenseClient-Topher" at "2026-05-31T04:37:16.4598085Z"
Built from '6000.4/staging' branch; Version is '6000.4.1f1 (8535861f39e1) revision 8729990'; Using compiler version '194234433'; Build Type 'Release'
OS: 'Windows 11  (10.0.26200) Professional' Language: 'en' Physical Memory: 32695 MB
BatchMode: 1, IsHumanControllingUs: 0, StartBugReporterOnCrash: 0, Is64bit: 1
System  architecture: x64
Process architecture: x64
Date: 2026-05-31T04:37:16Z

COMMAND LINE ARGUMENTS:
C:\Program Files\Unity\Hub\Editor\6000.4.1f1\Editor\Unity.exe
-adb2
-batchMode
-noUpm
-name
AssetImportWorker2
-projectPath
E:/IGB101/Assignment 3/IGB101 Assignment 3/Unity Project
-logFile
Logs/AssetImportWorker2.log
-srvPort
50064
-licensingIpc
LicenseClient-Topher
-force-d3d12
-job-worker-count
11
-background-job-worker-count
8
-gc-helper-count
1
-name
AssetImport
Successfully changed project path to: E:/IGB101/Assignment 3/IGB101 Assignment 3/Unity Project
E:/IGB101/Assignment 3/IGB101 Assignment 3/Unity Project
[UnityMemory] Configuration Parameters - Can be set up in boot.config
    "memorysetup-temp-allocator-size-gi-baking-worker=262144"
    "memorysetup-temp-allocator-size-gi-baking-worker=262144"
    "memorysetup-temp-allocator-size-gi-baking-worker=262144"
    "memorysetup-temp-allocator-size-gi-baking-worker=262144"
    "memorysetup-temp-allocator-size-gi-baking-worker=262144"
    "memorysetup-temp-allocator-size-nav-mesh-worker=65536"
    "memorysetup-temp-allocator-size-audio-worker=65536"
    "memorysetup-temp-allocator-size-cloud-worker=32768"
    "memorysetup-temp-allocator-size-gfx=262144"
    "memorysetup-temp-allocator-size-preload-manager=33554432"
    "memorysetup-temp-allocator-size-job-worker=262144"
    "memorysetup-temp-allocator-size-background-worker=32768"
    "memorysetup-allocator-temp-initial-block-size-main=262144"
    "memorysetup-allocator-temp-initial-block-size-worker=262144"
    "memorysetup-bucket-allocator-granularity=16"
    "memorysetup-bucket-allocator-bucket-count=8"
    "memorysetup-bucket-allocator-block-size=33554432"
    "memorysetup-bucket-allocator-block-count=8"
    "memorysetup-main-allocator-block-size=16777216"
    "memorysetup-thread-allocator-block-size=16777216"
    "memorysetup-gfx-main-allocator-block-size=16777216"
    "memorysetup-gfx-thread-allocator-block-size=16777216"
    "memorysetup-cache-allocator-block-size=4194304"
    "memorysetup-typetree-allocator-block-size=2097152"
    "memorysetup-profiler-bucket-allocator-granularity=16"
    "memorysetup-profiler-bucket-allocator-bucket-count=8"
    "memorysetup-profiler-bucket-allocator-block-size=33554432"
    "memorysetup-profiler-bucket-allocator-block-count=8"
    "memorysetup-profiler-allocator-block-size=16777216"
    "memorysetup-profiler-editor-allocator-block-size=1048576"
    "memorysetup-temp-allocator-size-main=16777216"
    "memorysetup-job-temp-allocator-block-size=2097152"
    "memorysetup-job-temp-allocator-block-size-background=1048576"
    "memorysetup-job-temp-allocator-reduction-small-platforms=262144"
Player connection [38512]  Target information:

Player connection [38512]  * "[IP] 10.0.0.34 [Port] 0 [Flags] 2 [Guid] 1775978858 [EditorId] 1775978858 [Version] 1048832 [Id] WindowsEditor(7,Basestation) [Debug] 1 [PackageName] WindowsEditor [ProjectName] Editor" 

Player connection [38512] Host joined multi-casting on [225.0.0.222:54997]...
Player connection [38512] Host joined alternative multi-casting on [225.0.0.222:34997]...
JobSystem: Creating JobQueue using job-worker-count value 11
Input System module state changed to: Initialized.
[Physics::Module] Initialized fallback backend.
[Physics::Module] Id: 0xdecafbad
Library Redirect Path: Library/
[Physics::Module] Selected backend.
[Physics::Module] Name: PhysX
[Physics::Module] Id: 0xf2b8ea05
[Physics::Module] SDK Version: 4.1.2
[Physics::Module] Integration Version: 1.0.0
[Physics::Module] Threading Mode: Multi-Threaded
Initialize engine version: 6000.4.1f1 (8535861f39e1)
[Subsystems] Discovering subsystems at path C:/Program Files/Unity/Hub/Editor/6000.4.1f1/Editor/Data/Resources/UnitySubsystems
[Subsystems] Discovering subsystems at path E:/IGB101/Assignment 3/IGB101 Assignment 3/Unity Project/Assets
Forcing GfxDevice: Direct3D 12
GfxDevice: creating device client; kGfxThreadingModeNonThreaded
d3d12: failed to query info queue interface (0x80004002).
Direct3D:
    Version:         Direct3D 12 [level 12.2]
    Renderer:        NVIDIA GeForce RTX 3060 Ti (ID=0x2489)
    Vendor:          NVIDIA
    VRAM:            8024 MB
    App VRAM Budget: 7256 MB
    Driver:          32.0.15.9649
Initialize mono
Mono path[0] = 'C:/Program Files/Unity/Hub/Editor/6000.4.1f1/Editor/Data/Managed'
Mono path[1] = 'C:/Program Files/Unity/Hub/Editor/6000.4.1f1/Editor/Data/MonoBleedingEdge/lib/mono/unityjit-win32'
Mono config path = 'C:/Program Files/Unity/Hub/Editor/6000.4.1f1/Editor/Data/MonoBleedingEdge/etc'
Using monoOptions --debugger-agent=transport=dt_socket,embedding=1,server=y,suspend=n,address=127.0.0.1:56928
CodeReloadManager initialized
Begin MonoManager ReloadAssembly
[Licensing::Client] Error: HandshakeResponse reported an error:
	ResponseCode: 505
	ResponseStatus: Unsupported protocol version '1.18.1'.
[Licensing::Module] Error: Failed to handshake to channel: "LicenseClient-Topher"
[Licensing::IpcConnector] LicenseClient-Topher channel disconnected successfully.
[Licensing::IpcConnector] Successfully connected to: "LicenseClient-Topher-6000.4.1" at "2026-05-31T04:37:17.8082528Z"
Registering precompiled unity dll's ...
Register platform support module: C:/Program Files/Unity/Hub/Editor/6000.4.1f1/Editor/Data/PlaybackEngines/WebGLSupport/UnityEditor.WebGL.Extensions.dll
Register platform support module: C:/Program Files/Unity/Hub/Editor/6000.4.1f1/Editor/Data/PlaybackEngines/MacStandaloneSupport/UnityEditor.OSXStandalone.Extensions.dll
Register platform support module: C:/Program Files/Unity/Hub/Editor/6000.4.1f1/Editor/Data/PlaybackEngines/WindowsStandaloneSupport/UnityEditor.WindowsStandalone.Extensions.dll
[Licensing::Module] Licensing is not yet initialized.
[Licensing::Client] Handshaking with LicensingClient:
  Version:                 1.18.1+9fbee8e
  Session Id:              eaa8786d412448a89e74d13099427987
  Correlation Id:          56ed6f303a66c50b129709f648294ba6
  External correlation Id: 5793660575351133474
  Machine Id:              iUDX2bORcETEJuoiLUZ8i8pfw80=
[Licensing::Module] Successfully connected to LicensingClient on channel: "LicenseClient-Topher-6000.4.1" (connect: 0.00s, validation: 0.00s, handshake: 1.09s)
[Licensing::IpcConnector] Successfully connected to: "LicenseClient-Topher-6000.4.1-notifications" at "2026-05-31T04:37:18.9041587Z"
[Licensing::Module] Licensing Background thread has ended after 2.44s
[Licensing::Module] Licensing is initialized (took 1.03s).
[Licensing::Client] Successfully resolved entitlement details
[Licensing::Module] License group:
  Id: 16768250851423-UnityPersXXXX
  Product: Unity Personal
  Type: Assigned
  Expiration: Unlimited
Register platform support module: C:/Program Files/Unity/Hub/Editor/6000.4.1f1/Editor/Data/PlaybackEngines/MetroSupport/UnityEditor.UWP.Extensions.dll
Register platform support module: C:/Program Files/Unity/Hub/Editor/6000.4.1f1/Editor/Data/PlaybackEngines/LinuxStandaloneSupport/UnityEditor.LinuxStandalone.Extensions.dll
Registered in 1.033990 seconds.
Native extension for LinuxStandalone target not found
Native extension for UWP target not found
Native extension for WindowsStandalone target not found
Native extension for OSXStandalone target not found
Native extension for WebGL target not found
Package Manager log level set to [2]
[Package Manager] Failed to launch server process. Reason: Unity was launched with the -noUpm command-line argument
[Package Manager] Unable to send message (not connected to server process).
[Package Manager] Cannot connect to Unity Package Manager local server
[Package Manager] Failed to launch server process. Reason: Unity was launched with the -noUpm command-line argument
[Package Manager] Unable to send message (not connected to server process).
[Package Manager] Cannot connect to Unity Package Manager local server
ScheduleIndexationOnStartup MainProcess:False IndexOnStartup:True
Mono: successfully reloaded assembly
- Finished resetting the current domain, in  0.515 seconds
Domain Reload Profiling: 2132ms
	BeginReloadAssembly (175ms)
	RebuildCommonClasses (53ms)
	RebuildNativeTypeToScriptingClass (22ms)
	initialDomainReloadingComplete (1122ms)
	LoadAllAssembliesAndSetupDomain (243ms)
		LoadAssemblies (171ms)
		AnalyzeDomain (232ms)
			TypeCache.Refresh (231ms)
				TypeCache.ScanAssembly (216ms)
	FinalizeReload (516ms)
		SetupLoadedEditorAssemblies (0ms)
			InitializePlatformSupportModulesInManaged (72ms)
			BeforeProcessingInitializeOnLoad (107ms)
			ProcessInitializeOnLoadAttributes (142ms)
			ProcessInitializeOnLoadMethodAttributes (106ms)
========================================================================
Worker process is ready to serve import requests
Import Worker Mode flag is 0x00
Begin MonoManager ReloadAssembly
[Licensing::Client] Successfully resolved entitlement details
Assembly Assembly-CSharp-Editor-firstpass.dll at Library/ScriptAssemblies/Assembly-CSharp-Editor-firstpass.dll not valid. Loading of assembly skipped.
Assembly Assembly-CSharp-Editor.dll at Library/ScriptAssemblies/Assembly-CSharp-Editor.dll not valid. Loading of assembly skipped.
Assembly Assembly-CSharp-firstpass.dll at Library/ScriptAssemblies/Assembly-CSharp-firstpass.dll not valid. Loading of assembly skipped.
Assembly Assembly-CSharp.dll at Library/ScriptAssemblies/Assembly-CSharp.dll not valid. Loading of assembly skipped.
Assembly DocCodeExamples.dll at Library/ScriptAssemblies/DocCodeExamples.dll not valid. Loading of assembly skipped.
Assembly TestNewCustomAssembly.dll at Library/ScriptAssemblies/TestNewCustomAssembly.dll not valid. Loading of assembly skipped.
Assembly Unity.Collections.BurstCompatibilityGen.dll at Library/ScriptAssemblies/Unity.Collections.BurstCompatibilityGen.dll not valid. Loading of assembly skipped.
Assembly Unity.Collections.DocCodeSamples.dll at Library/ScriptAssemblies/Unity.Collections.DocCodeSamples.dll not valid. Loading of assembly skipped.
Assembly Unity.Collections.PerformanceTests.dll at Library/ScriptAssemblies/Unity.Collections.PerformanceTests.dll not valid. Loading of assembly skipped.
Assembly Unity.Collections.Tests.dll at Library/ScriptAssemblies/Unity.Collections.Tests.dll not valid. Loading of assembly skipped.
Assembly Unity.Collections.Tests.Playmode.dll at Library/ScriptAssemblies/Unity.Collections.Tests.Playmode.dll not valid. Loading of assembly skipped.
Assembly Unity.InputSystem.IntegrationTests.dll at Library/ScriptAssemblies/Unity.InputSystem.IntegrationTests.dll not valid. Loading of assembly skipped.
Assembly Unity.Mathematics.Tests.dll at Library/ScriptAssemblies/Unity.Mathematics.Tests.dll not valid. Loading of assembly skipped.
Assembly Unity.Multiplayer.Center.Editor.Tests.dll at Library/ScriptAssemblies/Unity.Multiplayer.Center.Editor.Tests.dll not valid. Loading of assembly skipped.
Assembly Unity.Multiplayer.Center.Tests.dll at Library/ScriptAssemblies/Unity.Multiplayer.Center.Tests.dll not valid. Loading of assembly skipped.
Assembly Unity.Nuget.Mono-Cecil.dll at Library/ScriptAssemblies/Unity.Nuget.Mono-Cecil.dll not valid. Loading of assembly skipped.
Assembly Unity.PathTracing.Editor.Tests.dll at Library/ScriptAssemblies/Unity.PathTracing.Editor.Tests.dll not valid. Loading of assembly skipped.
Assembly Unity.PathTracing.Runtime.Tests.dll at Library/ScriptAssemblies/Unity.PathTracing.Runtime.Tests.dll not valid. Loading of assembly skipped.
Assembly Unity.RenderPipelines.Core.Editor.Tests.dll at Library/ScriptAssemblies/Unity.RenderPipelines.Core.Editor.Tests.dll not valid. Loading of assembly skipped.
Assembly Unity.RenderPipelines.Core.Runtime.Tests.dll at Library/ScriptAssemblies/Unity.RenderPipelines.Core.Runtime.Tests.dll not valid. Loading of assembly skipped.
Assembly Unity.RenderPipelines.Universal.Config.Editor.Tests.dll at Library/ScriptAssemblies/Unity.RenderPipelines.Universal.Config.Editor.Tests.dll not valid. Loading of assembly skipped.
Assembly Unity.RenderPipelines.Universal.Editor.Tests.dll at Library/ScriptAssemblies/Unity.RenderPipelines.Universal.Editor.Tests.dll not valid. Loading of assembly skipped.
Assembly Unity.RenderPipelines.Universal.Runtime.Tests.dll at Library/ScriptAssemblies/Unity.RenderPipelines.Universal.Runtime.Tests.dll not valid. Loading of assembly skipped.
Assembly Unity.Searcher.EditorTests.dll at Library/ScriptAssemblies/Unity.Searcher.EditorTests.dll not valid. Loading of assembly skipped.
Assembly Unity.Settings.Tests.dll at Library/ScriptAssemblies/Unity.Settings.Tests.dll not valid. Loading of assembly skipped.
Assembly Unity.ShaderGraph.Editor.Tests.dll at Library/ScriptAssemblies/Unity.ShaderGraph.Editor.Tests.dll not valid. Loading of assembly skipped.
Assembly Unity.TextMeshPro.Editor.Tests.dll at Library/ScriptAssemblies/Unity.TextMeshPro.Editor.Tests.dll not valid. Loading of assembly skipped.
Assembly Unity.TextMeshPro.Tests.dll at Library/ScriptAssemblies/Unity.TextMeshPro.Tests.dll not valid. Loading of assembly skipped.
Assembly Unity.UnifiedRayTracing.Editor.Tests.dll at Library/ScriptAssemblies/Unity.UnifiedRayTracing.Editor.Tests.dll not valid. Loading of assembly skipped.
Assembly UnityEditor.UI.Common.Tests.dll at Library/ScriptAssemblies/UnityEditor.UI.Common.Tests.dll not valid. Loading of assembly skipped.
Assembly UnityEditor.UI.EditorTests.dll at Library/ScriptAssemblies/UnityEditor.UI.EditorTests.dll not valid. Loading of assembly skipped.
Assembly UnityEngine.UI.Tests.dll at Library/ScriptAssemblies/UnityEngine.UI.Tests.dll not valid. Loading of assembly skipped.
Native extension for LinuxStandalone target not found
Native extension for UWP target not found
Native extension for WindowsStandalone target not found
Native extension for OSXStandalone target not found
Native extension for WebGL target not found
[Package Manager] Failed to launch server process. Reason: Unity was launched with the -noUpm command-line argument
[Package Manager] Unable to send message (not connected to server process).
[Package Manager] Cannot connect to Unity Package Manager local server
[Package Manager] Failed to launch server process. Reason: Unity was launched with the -noUpm command-line argument
[Package Manager] Unable to send message (not connected to server process).
[Package Manager] Cannot connect to Unity Package Manager local server
[MODES] ModeService[none].Initialize
[MODES] ModeService[none].LoadModes
[MODES] Loading mode Default (0) for mode-current-id-Assignment 2
ScheduleIndexationOnStartup MainProcess:False IndexOnStartup:True
Mono: successfully reloaded assembly
- Finished resetting the current domain, in  1.008 seconds
Domain Reload Profiling: 2019ms
	BeginReloadAssembly (259ms)
		DisableScriptedObjects (9ms)
		CreateAndSetChildDomain (46ms)
	RebuildCommonClasses (45ms)
	RebuildNativeTypeToScriptingClass (14ms)
	initialDomainReloadingComplete (86ms)
	LoadAllAssembliesAndSetupDomain (606ms)
		LoadAssemblies (411ms)
		AnalyzeDomain (329ms)
			TypeCache.Refresh (215ms)
				TypeCache.ScanAssembly (193ms)
			BuildScriptInfoCaches (96ms)
			ResolveRequiredComponents (16ms)
	FinalizeReload (1009ms)
		SetupLoadedEditorAssemblies (0ms)
			InitializePlatformSupportModulesInManaged (4ms)
			BeforeProcessingInitializeOnLoad (173ms)
			ProcessInitializeOnLoadAttributes (395ms)
			ProcessInitializeOnLoadMethodAttributes (145ms)
			AfterProcessingInitializeOnLoad (9ms)
		AwakeInstancesAfterBackupRestoration (9ms)
Launched and connected shader compiler UnityShaderCompiler.exe after 0.01 seconds
Unloading 25 Unused Serialized files (Serialized files now loaded: 0)
Unloading 6671 unused Assets / (6.2 MB). Loaded Objects now: 7512.
Memory consumption went from 161.6 MB to 155.4 MB.
Total: 12.381100 ms (FindLiveObjects: 0.921000 ms CreateObjectMapping: 0.782000 ms MarkObjects: 7.474500 ms  DeleteObjects: 3.200900 ms)

========================================================================
Received Import Request.
  Time since last request: 34726.152351 seconds.
  path: Assets/Jensen Assets/Third Person Controller/Player.prefab
  importAddress: Guid(eecfdd463d0c2d147969996a834dc05a) Importer(2089858483,b0f066a214c2f5e87bad3c948f4d605d)
Start importing Assets/Jensen Assets/Third Person Controller/Player.prefab using Guid(eecfdd463d0c2d147969996a834dc05a) Importer(2089858483,b0f066a214c2f5e87bad3c948f4d605d) (ScriptedImporter) -> (Import Result ID: 'ddfa0174c3ad6dcf3f2c85a1b69021c0') in 0.1355616 seconds [static and dynamic dependencies]. Details - ImportResultOutputID=1c840bb9116a908af10db303f36d1442 DependenciesID=f7a2e1520ca7051f726e19864afdd186 StaticDependenciesID=fca7b7c3587ffcb8fc975bf26454e13f 
Number of updated asset objects reloaded before import = 0Number of asset objects unloaded after import = 110

========================================================================
Received Import Request.
  Time since last request: 0.000023 seconds.
  path: Assets/Jensen Assets/Models and Prefabs/Walls and Floors/Prefabs/Stone/Doors/Door-Stone (2).prefab
  importAddress: Guid(3b752154f36e7c04bb01888b707b959e) Importer(2089858483,b0f066a214c2f5e87bad3c948f4d605d)
Start importing Assets/Jensen Assets/Models and Prefabs/Walls and Floors/Prefabs/Stone/Doors/Door-Stone (2).prefab using Guid(3b752154f36e7c04bb01888b707b959e) Importer(2089858483,b0f066a214c2f5e87bad3c948f4d605d) (ScriptedImporter) -> (Import Result ID: '561890c3b72cdcb8b607b08863cc719f') in 0.0448919 seconds [static and dynamic dependencies]. Details - ImportResultOutputID=73fa8c6e8cd104babacd01c73404006f DependenciesID=458ee65ce3700fbd0358e7c4b81b1f6f StaticDependenciesID=2683e61daaa475301a0094da079a61bf 
Number of updated asset objects reloaded before import = 0Number of asset objects unloaded after import = 11

========================================================================
Received Import Request.
  Time since last request: 0.000021 seconds.
  path: Assets/Jensen Assets/Scripts/LevelSwitch.cs
  importAddress: Guid(77c74a10a6dab794bbc1040e3ba4c75c) Importer(2089858483,b0f066a214c2f5e87bad3c948f4d605d)
Start importing Assets/Jensen Assets/Scripts/LevelSwitch.cs using Guid(77c74a10a6dab794bbc1040e3ba4c75c) Importer(2089858483,b0f066a214c2f5e87bad3c948f4d605d) (ScriptedImporter) -> (Import Result ID: 'f8be2224f20486b7a31803791fc2e5af') in 0.0130496 seconds [static and dynamic dependencies]. Details - ImportResultOutputID=1afe3b9590f0a78befb66766fc8e22aa DependenciesID=6becab537c31c655d0f644a5cb08d9c7 StaticDependenciesID=472824cb992ed173a5cb5c3572cb70cd 
Number of updated asset objects reloaded before import = 0Number of asset objects unloaded after import = 0

========================================================================
Received Import Request.
  Time since last request: 0.000025 seconds.
  path: Assets/Jensen Assets/Door/Wooden Double Door front handle entrance/Textures/T_door1_medium_Normal.png
  importAddress: Guid(e1fa9be4a28eec340a54d5ebabf142fe) Importer(2089858483,b0f066a214c2f5e87bad3c948f4d605d)
Start importing Assets/Jensen Assets/Door/Wooden Double Door front handle entrance/Textures/T_door1_medium_Normal.png using Guid(e1fa9be4a28eec340a54d5ebabf142fe) Importer(2089858483,b0f066a214c2f5e87bad3c948f4d605d) (ScriptedImporter) -> (Import Result ID: 'be36f70931c8121c46f28feefa393e99') in 0.0525508 seconds [static and dynamic dependencies]. Details - ImportResultOutputID=d0c6334d847ebfbc66008bb944ffa4c6 DependenciesID=eea1578d8f3905d3f165ed2c171d3689 StaticDependenciesID=a40e585ca86aff063c9a986b647854fa 
Number of updated asset objects reloaded before import = 0Number of asset objects unloaded after import = 1

========================================================================
Received Import Request.
  Time since last request: 0.000018 seconds.
  path: Assets/Jensen Assets/Models and Prefabs/Walls and Floors/Models/Stone/materials/Wall-Stone-Model-03.png
  importAddress: Guid(ce1573c7ae88f1743a2e76e73e14c534) Importer(2089858483,b0f066a214c2f5e87bad3c948f4d605d)
Start importing Assets/Jensen Assets/Models and Prefabs/Walls and Floors/Models/Stone/materials/Wall-Stone-Model-03.png using Guid(ce1573c7ae88f1743a2e76e73e14c534) Importer(2089858483,b0f066a214c2f5e87bad3c948f4d605d) (ScriptedImporter) -> (Import Result ID: '46a5f0d7614652f81c2d014798af5788') in 0.0193256 seconds [static and dynamic dependencies]. Details - ImportResultOutputID=af5f6e84f2c8402a9f55bf800e572d1f DependenciesID=de1a81858438be301f4ba3e9633d088c StaticDependenciesID=041640c7faab49f2cd1e1fccf4c9bf6d 
Number of updated asset objects reloaded before import = 0Number of asset objects unloaded after import = 1

========================================================================
Received Import Request.
  Time since last request: 0.000017 seconds.
  path: Assets/Jensen Assets/Models and Prefabs/Walls and Floors/Models/Stone/Wall-Stone-Model-06.fbx
  importAddress: Guid(6e47fb2c4bc7154499c144b3e215870d) Importer(2089858483,b0f066a214c2f5e87bad3c948f4d605d)
Start importing Assets/Jensen Assets/Models and Prefabs/Walls and Floors/Models/Stone/Wall-Stone-Model-06.fbx using Guid(6e47fb2c4bc7154499c144b3e215870d) Importer(2089858483,b0f066a214c2f5e87bad3c948f4d605d) (ScriptedImporter) -> (Import Result ID: 'b1e693f29f9a4dfb063564c18cd906f6') in 0.0612969 seconds [static and dynamic dependencies]. Details - ImportResultOutputID=9eb3d425f7ba54085879c4c614b3bec9 DependenciesID=7aced52417e6af4cedce48d4c0bdfc2e StaticDependenciesID=6fe4a2b3f08eac7a90c56ec889f1667e 
Number of updated asset objects reloaded before import = 0Number of asset objects unloaded after import = 9

========================================================================
Received Import Request.
  Time since last request: 0.000020 seconds.
  path: Assets/Jensen Assets/Door/Wooden Double Door front handle entrance/Geometry/SM_door_1_sprtd.fbx
  importAddress: Guid(cabe47062ba3c4b4bb56558f175709da) Importer(2089858483,b0f066a214c2f5e87bad3c948f4d605d)
Start importing Assets/Jensen Assets/Door/Wooden Double Door front handle entrance/Geometry/SM_door_1_sprtd.fbx using Guid(cabe47062ba3c4b4bb56558f175709da) Importer(2089858483,b0f066a214c2f5e87bad3c948f4d605d) (ScriptedImporter) -> (Import Result ID: 'da5864b2e20270fefa97aaff39244d6a') in 0.0206473 seconds [static and dynamic dependencies]. Details - ImportResultOutputID=33750a17603c7743203637159ddbdcf7 DependenciesID=9b52d75c5479d8c7e4a0b203609a24b1 StaticDependenciesID=e6ff0841aeda517f027f702dee27cbd6 
Number of updated asset objects reloaded before import = 0Number of asset objects unloaded after import = 10

========================================================================
Received Import Request.
  Time since last request: 0.000027 seconds.
  path: Assets/Jensen Assets/Materials and Textures/Stones/Textures/T_YFPM_BrokenRectangles_d.tga
  importAddress: Guid(b4c6c07875bd828449ccb982cbf9387d) Importer(2089858483,b0f066a214c2f5e87bad3c948f4d605d)
Start importing Assets/Jensen Assets/Materials and Textures/Stones/Textures/T_YFPM_BrokenRectangles_d.tga using Guid(b4c6c07875bd828449ccb982cbf9387d) Importer(2089858483,b0f066a214c2f5e87bad3c948f4d605d) (ScriptedImporter) -> (Import Result ID: 'c01281f92330329a62610083dab58cc2') in 0.0176424 seconds [static and dynamic dependencies]. Details - ImportResultOutputID=3477272cd8cb500adcfa3a0a0fcf6af2 DependenciesID=3cfc10c7006a570138583e79b9530309 StaticDependenciesID=2bde9246ce90631f84813ad07907c472 
Number of updated asset objects reloaded before import = 0Number of asset objects unloaded after import = 1

========================================================================
Received Import Request.
  Time since last request: 0.000017 seconds.
  path: Assets/Jensen Assets/Door/Wooden Double Door front handle entrance/Geometry/SM_door_1_frameless.fbx
  importAddress: Guid(fb60580f7d92475418de8225fb657449) Importer(2089858483,b0f066a214c2f5e87bad3c948f4d605d)
Start importing Assets/Jensen Assets/Door/Wooden Double Door front handle entrance/Geometry/SM_door_1_frameless.fbx using Guid(fb60580f7d92475418de8225fb657449) Importer(2089858483,b0f066a214c2f5e87bad3c948f4d605d) (ScriptedImporter) -> (Import Result ID: '2c9ed092f1669bdbf96c85dc6a1fe2d5') in 0.0200731 seconds [static and dynamic dependencies]. Details - ImportResultOutputID=d7ffacdd7523ab1dc87d3cee3f052c6a DependenciesID=d019c1925bb2c13ac82426d636348e07 StaticDependenciesID=561ab529a6a4f59370dbb77a85a26a61 
Number of updated asset objects reloaded before import = 0Number of asset objects unloaded after import = 10

========================================================================
Received Import Request.
  Time since last request: 0.000017 seconds.
  path: Assets/Jensen Assets/Third Person Controller/Robot Kyle/Materials/Robot_Color.mat
  importAddress: Guid(afdc5d1052cb651429647f802f5b5612) Importer(2089858483,b0f066a214c2f5e87bad3c948f4d605d)
Start importing Assets/Jensen Assets/Third Person Controller/Robot Kyle/Materials/Robot_Color.mat using Guid(afdc5d1052cb651429647f802f5b5612) Importer(2089858483,b0f066a214c2f5e87bad3c948f4d605d) (ScriptedImporter) -> (Import Result ID: '65a4bb693a13038fd8e48a181894888a') in 0.0198561 seconds [static and dynamic dependencies]. Details - ImportResultOutputID=63fae5e2534796e4bd2ea63240d7ea07 DependenciesID=20c72efcd08a2940e2fed67e18ce750c StaticDependenciesID=23993d308845138d017890a76662ed91 
Number of updated asset objects reloaded before import = 0Number of asset objects unloaded after import = 4

========================================================================
Received Import Request.
  Time since last request: 0.000026 seconds.
  path: Assets/Jensen Assets/Settings
  importAddress: Guid(709f11a7f3c4041caa4ef136ea32d874) Importer(2089858483,b0f066a214c2f5e87bad3c948f4d605d)
Start importing Assets/Jensen Assets/Settings using Guid(709f11a7f3c4041caa4ef136ea32d874) Importer(2089858483,b0f066a214c2f5e87bad3c948f4d605d) (ScriptedImporter) -> (Import Result ID: 'cf58656aff22741740ed0315b2b5e86d') in 0.0136668 seconds [static and dynamic dependencies]. Details - ImportResultOutputID=58f187516f627b6c63633830ab950d83 DependenciesID=bc700501b4844cfcdc328ad1b2a00529 StaticDependenciesID=41cb6b7e40f79d49ca80038527c62517 
Number of updated asset objects reloaded before import = 0Number of asset objects unloaded after import = 1

========================================================================
Received Import Request.
  Time since last request: 0.000030 seconds.
  path: Assets/Jensen Assets
  importAddress: Guid(9080d595381adbf45ab53caca083d6f7) Importer(2089858483,b0f066a214c2f5e87bad3c948f4d605d)
Start importing Assets/Jensen Assets using Guid(9080d595381adbf45ab53caca083d6f7) Importer(2089858483,b0f066a214c2f5e87bad3c948f4d605d) (ScriptedImporter) -> (Import Result ID: '1dab812f88e4fb30135f7dba6a42edf7') in 0.0131902 seconds [static and dynamic dependencies]. Details - ImportResultOutputID=9e56741b5c8afaa71b4c668ce07d7f0a DependenciesID=402a74a735840b9615f71579d59ebd8a StaticDependenciesID=8a3c4aa7ad66185a363984b3ab7297c7 
Number of updated asset objects reloaded before import = 0Number of asset objects unloaded after import = 1

========================================================================
Received Import Request.
  Time since last request: 0.000018 seconds.
  path: Assets/InputSystem_Actions.inputactions
  importAddress: Guid(052faaac586de48259a63d0c4782560b) Importer(2089858483,b0f066a214c2f5e87bad3c948f4d605d)
Start importing Assets/InputSystem_Actions.inputactions using Guid(052faaac586de48259a63d0c4782560b) Importer(2089858483,b0f066a214c2f5e87bad3c948f4d605d) (ScriptedImporter) -> (Import Result ID: 'f82376650fe52410b6a2f268fdca3e3e') in 0.2040548 seconds [static and dynamic dependencies]. Details - ImportResultOutputID=3f00fb0436a5e29217e8b98337634e36 DependenciesID=9491d21f773287a7878b5648808f7fb7 StaticDependenciesID=a11897abd8aea1a4e0357953b6f75d88 
Number of updated asset objects reloaded before import = 0Number of asset objects unloaded after import = 22

========================================================================
Received Import Request.
  Time since last request: 0.000025 seconds.
  path: Assets/Jensen Assets/Skybox/Scenes
  importAddress: Guid(9d20d945c0685494ba906e939e1dd86f) Importer(2089858483,b0f066a214c2f5e87bad3c948f4d605d)
Start importing Assets/Jensen Assets/Skybox/Scenes using Guid(9d20d945c0685494ba906e939e1dd86f) Importer(2089858483,b0f066a214c2f5e87bad3c948f4d605d) (ScriptedImporter) -> (Import Result ID: '1d8af4b1b40b2aa22c4ef0b8e15c9592') in 0.0139264 seconds [static and dynamic dependencies]. Details - ImportResultOutputID=90bef5f9dd2d15ca91ee58e95655c490 DependenciesID=b9fdbf510e54d32cbc63ea7c4cb33ddb StaticDependenciesID=353da075aba48b469671c8b4a6bbe011 
Number of updated asset objects reloaded before import = 0Number of asset objects unloaded after import = 1

========================================================================
Received Import Request.
  Time since last request: 0.000027 seconds.
  path: Assets/Jensen Assets/Third Person Controller/Animations/Materials/Beta_Joints_MAT.mat
  importAddress: Guid(4725ab776f513264db592de6b50dca31) Importer(2089858483,b0f066a214c2f5e87bad3c948f4d605d)
Start importing Assets/Jensen Assets/Third Person Controller/Animations/Materials/Beta_Joints_MAT.mat using Guid(4725ab776f513264db592de6b50dca31) Importer(2089858483,b0f066a214c2f5e87bad3c948f4d605d) (ScriptedImporter) -> (Import Result ID: '88bff93fd766c902a152e1c96fb4854d') in 0.0183437 seconds [static and dynamic dependencies]. Details - ImportResultOutputID=7e049db3dc76c099bd06c0ccac263b82 DependenciesID=9e822ce2145884b89e0e86e4445d49e5 StaticDependenciesID=b1390d23b3ada721f0c913c6074d1ab0 
Number of updated asset objects reloaded before import = 0Number of asset objects unloaded after import = 2

========================================================================
Received Import Request.
  Time since last request: 0.000019 seconds.
  path: Assets/Jensen Assets/Models and Prefabs/Walls and Floors/Demo Scenes/Asset Lineup Scene.unity
  importAddress: Guid(2a8115a97e64de04cb3bdf0460173e3d) Importer(2089858483,b0f066a214c2f5e87bad3c948f4d605d)
Start importing Assets/Jensen Assets/Models and Prefabs/Walls and Floors/Demo Scenes/Asset Lineup Scene.unity using Guid(2a8115a97e64de04cb3bdf0460173e3d) Importer(2089858483,b0f066a214c2f5e87bad3c948f4d605d) (ScriptedImporter) -> (Import Result ID: '469747babe4ea70134bba960d0d666e7') in 0.0297858 seconds [static and dynamic dependencies]. Details - ImportResultOutputID=a96ec5af571446acfbcecbe3ec39d384 DependenciesID=28bc9cbefcfbed00dbae19b50c648274 StaticDependenciesID=17131bfce6faba65a443aa84b515ec03 
Number of updated asset objects reloaded before import = 0Number of asset objects unloaded after import = 1

========================================================================
Received Import Request.
  Time since last request: 0.000019 seconds.
  path: Assets/Jensen Assets/Models and Prefabs/Walls and Floors/Models/Stone/Wall-Stone-Model-09.fbx
  importAddress: Guid(7d15d5e86b6abe149aae4a97839483bd) Importer(2089858483,b0f066a214c2f5e87bad3c948f4d605d)
Start importing Assets/Jensen Assets/Models and Prefabs/Walls and Floors/Models/Stone/Wall-Stone-Model-09.fbx using Guid(7d15d5e86b6abe149aae4a97839483bd) Importer(2089858483,b0f066a214c2f5e87bad3c948f4d605d) (ScriptedImporter) -> (Import Result ID: '2ccd293654415bab6e6943f653bfaa09') in 0.0290762 seconds [static and dynamic dependencies]. Details - ImportResultOutputID=f1230a15ac3fbd9274b2d2207dc7bc6b DependenciesID=5ba8804f2766910469075e0d3f076044 StaticDependenciesID=037f2131fd0386f8fe24283e258bfd32 
Number of updated asset objects reloaded before import = 0Number of asset objects unloaded after import = 9

========================================================================
Received Import Request.
  Time since last request: 0.000024 seconds.
  path: Assets/Jensen Assets/Skybox/Panoramics
  importAddress: Guid(e0454b514da2ecd429e000f40050d4fa) Importer(2089858483,b0f066a214c2f5e87bad3c948f4d605d)
Start importing Assets/Jensen Assets/Skybox/Panoramics using Guid(e0454b514da2ecd429e000f40050d4fa) Importer(2089858483,b0f066a214c2f5e87bad3c948f4d605d) (ScriptedImporter) -> (Import Result ID: '6bc2ace6f2925d6075b429536462f91c') in 0.0267703 seconds [static and dynamic dependencies]. Details - ImportResultOutputID=ca50e91ac40aaf22f6aa80ea05d7d365 DependenciesID=d081ef88a734e964dc264cb3c5a04231 StaticDependenciesID=503e0a26d5a688abb0fc5c266aa1b32a 
Number of updated asset objects reloaded before import = 0Number of asset objects unloaded after import = 1

========================================================================
Received Import Request.
  Time since last request: 0.000026 seconds.
  path: Assets/Jensen Assets/Third Person Controller/Animations/Running Jump.fbx
  importAddress: Guid(744db8a247a71734f87e7e2720cfddbb) Importer(2089858483,b0f066a214c2f5e87bad3c948f4d605d)
Start importing Assets/Jensen Assets/Third Person Controller/Animations/Running Jump.fbx using Guid(744db8a247a71734f87e7e2720cfddbb) Importer(2089858483,b0f066a214c2f5e87bad3c948f4d605d) (ScriptedImporter) -> (Import Result ID: '9d0823a85c156a68b65ee3c1ee673c87') in 0.0364248 seconds [static and dynamic dependencies]. Details - ImportResultOutputID=5fbf9304dd184c76430173ed07ff2854 DependenciesID=4f58272c0bba593bee8b570218824435 StaticDependenciesID=d7dafc8622b09de3b1ca3e6f2bfb435d 
Number of updated asset objects reloaded before import = 0Number of asset objects unloaded after import = 112

========================================================================
Received Import Request.
  Time since last request: 0.000024 seconds.
  path: Assets/Jensen Assets/Models and Prefabs/Walls and Floors/Models/Stone/Corner-Stone-Model-02.fbx
  importAddress: Guid(08d12cc52cf95df4aad9e9ec0dc4c95b) Importer(2089858483,b0f066a214c2f5e87bad3c948f4d605d)
Start importing Assets/Jensen Assets/Models and Prefabs/Walls and Floors/Models/Stone/Corner-Stone-Model-02.fbx using Guid(08d12cc52cf95df4aad9e9ec0dc4c95b) Importer(2089858483,b0f066a214c2f5e87bad3c948f4d605d) (ScriptedImporter) -> (Import Result ID: 'da29d942d335fe8ad31d5cdd247ee190') in 0.0292381 seconds [static and dynamic dependencies]. Details - ImportResultOutputID=1e1462114b4d15fe12dd73045e258e13 DependenciesID=340cd1b71152cedfee4992728c6567c1 StaticDependenciesID=2a5813c6ad7fb86b6251b6674200f92a 
Number of updated asset objects reloaded before import = 0Number of asset objects unloaded after import = 9

========================================================================
Received Import Request.
  Time since last request: 0.000018 seconds.
  path: Assets/Jensen Assets/Materials and Textures/Stones
  importAddress: Guid(00cddc71532d0014faaaed2b549442b2) Importer(2089858483,b0f066a214c2f5e87bad3c948f4d605d)
Start importing Assets/Jensen Assets/Materials and Textures/Stones using Guid(00cddc71532d0014faaaed2b549442b2) Importer(2089858483,b0f066a214c2f5e87bad3c948f4d605d) (ScriptedImporter) -> (Import Result ID: 'ab782dc264eb1c36f983b78db007a620') in 0.0220346 seconds [static and dynamic dependencies]. Details - ImportResultOutputID=360539c352a22465a2504270477b110f DependenciesID=e66b75b0b102a1a2a7c2cfd1a0e128e2 StaticDependenciesID=d712b7d85bbbc3ee4269251e968dfe61 
Number of updated asset objects reloaded before import = 0Number of asset objects unloaded after import = 1

========================================================================
Received Import Request.
  Time since last request: 0.000024 seconds.
  path: Assets/Jensen Assets/Models and Prefabs/Walls and Floors/Models/Stone/materials/Door-Stone-Model-03.mat
  importAddress: Guid(fa7fadc7b74c7b44b80f5b0dea2d59f7) Importer(2089858483,b0f066a214c2f5e87bad3c948f4d605d)
Start importing Assets/Jensen Assets/Models and Prefabs/Walls and Floors/Models/Stone/materials/Door-Stone-Model-03.mat using Guid(fa7fadc7b74c7b44b80f5b0dea2d59f7) Importer(2089858483,b0f066a214c2f5e87bad3c948f4d605d) (ScriptedImporter) -> (Import Result ID: '683d2125cf1e67acdaf2ab8ddf5e67bb') in 0.025398 seconds [static and dynamic dependencies]. Details - ImportResultOutputID=43f0a9296209ab81372502c406d4bdf7 DependenciesID=6d851d2bf7732d86fcd7f5f53119594a StaticDependenciesID=f55757c6f0ee5b0235c34880da721cdc 
Number of updated asset objects reloaded before import = 0Number of asset objects unloaded after import = 3

========================================================================
Received Import Request.
  Time since last request: 0.000036 seconds.
  path: Assets/Jensen Assets/Models and Prefabs/Walls and Floors/Models
  importAddress: Guid(e582ed4c24b728e40a93880b5b5a0659) Importer(2089858483,b0f066a214c2f5e87bad3c948f4d605d)
Start importing Assets/Jensen Assets/Models and Prefabs/Walls and Floors/Models using Guid(e582ed4c24b728e40a93880b5b5a0659) Importer(2089858483,b0f066a214c2f5e87bad3c948f4d605d) (ScriptedImporter) -> (Import Result ID: 'a7efb62fb254bfdd182d2076dfacce93') in 0.025633 seconds [static and dynamic dependencies]. Details - ImportResultOutputID=96ccfeeb367dd1a3f382a367fec1ecc2 DependenciesID=122ee3164848e358a27833549efb91d2 StaticDependenciesID=b730146f3d2b6042d520a54404edc733 
Number of updated asset objects reloaded before import = 0Number of asset objects unloaded after import = 1

========================================================================
Received Import Request.
  Time since last request: 0.000016 seconds.
  path: Assets/Jensen Assets/Models and Prefabs/Walls and Floors/Prefabs
  importAddress: Guid(e4213956da99cf44c9dbc90e1cf857ab) Importer(2089858483,b0f066a214c2f5e87bad3c948f4d605d)
Start importing Assets/Jensen Assets/Models and Prefabs/Walls and Floors/Prefabs using Guid(e4213956da99cf44c9dbc90e1cf857ab) Importer(2089858483,b0f066a214c2f5e87bad3c948f4d605d) (ScriptedImporter) -> (Import Result ID: '96669d2805c7940d9fa0b096f18bfba2') in 0.0272104 seconds [static and dynamic dependencies]. Details - ImportResultOutputID=70af95a60bac3aa17da6161152cb1974 DependenciesID=5ff87eb9be47455b82b63ac43a9836f4 StaticDependenciesID=19f550e15153dccb1f011cf44250a8c5 
Number of updated asset objects reloaded before import = 0Number of asset objects unloaded after import = 1

========================================================================
Received Import Request.
  Time since last request: 0.000018 seconds.
  path: Assets/Jensen Assets/Models and Prefabs/Walls and Floors/Models/Stone/Wall-Stone-Model-04.fbx
  importAddress: Guid(f631627b7ea6bd94b84ea500530c87bd) Importer(2089858483,b0f066a214c2f5e87bad3c948f4d605d)
Start importing Assets/Jensen Assets/Models and Prefabs/Walls and Floors/Models/Stone/Wall-Stone-Model-04.fbx using Guid(f631627b7ea6bd94b84ea500530c87bd) Importer(2089858483,b0f066a214c2f5e87bad3c948f4d605d) (ScriptedImporter) -> (Import Result ID: 'c62c77d265f1b7af36ed25b21639dd4f') in 0.0358505 seconds [static and dynamic dependencies]. Details - ImportResultOutputID=edc45169fe69df46ebba2fb98ae62461 DependenciesID=2fd6fac08754e179d407db4efa46c734 StaticDependenciesID=96780fe7942a6e13da73f243a4f54c4d 
Number of updated asset objects reloaded before import = 0Number of asset objects unloaded after import = 9

========================================================================
Received Import Request.
  Time since last request: 0.000018 seconds.
  path: Assets/Jensen Assets/Models and Prefabs/Walls and Floors/Models/Stone
  importAddress: Guid(3a844e439aab3b949946b51f233e51dd) Importer(2089858483,b0f066a214c2f5e87bad3c948f4d605d)
Start importing Assets/Jensen Assets/Models and Prefabs/Walls and Floors/Models/Stone using Guid(3a844e439aab3b949946b51f233e51dd) Importer(2089858483,b0f066a214c2f5e87bad3c948f4d605d) (ScriptedImporter) -> (Import Result ID: '20186b97e830de608566ca97c559fcfc') in 0.0189698 seconds [static and dynamic dependencies]. Details - ImportResultOutputID=796ba41010f8855e879c9075e6f116c7 DependenciesID=d292a30a7a27e40c06164c02c307c505 StaticDependenciesID=3e7260f3bdc51faf6b69e1ce3cb30d5d 
Number of updated asset objects reloaded before import = 0Number of asset objects unloaded after import = 1

========================================================================
Received Import Request.
  Time since last request: 0.000028 seconds.
  path: Assets/Jensen Assets/Models and Prefabs/Walls and Floors/Models/Stone/materials/Wall-Stone-Model-06.png
  importAddress: Guid(1e623ef0f1495bd4188f830da812c633) Importer(2089858483,b0f066a214c2f5e87bad3c948f4d605d)
Start importing Assets/Jensen Assets/Models and Prefabs/Walls and Floors/Models/Stone/materials/Wall-Stone-Model-06.png using Guid(1e623ef0f1495bd4188f830da812c633) Importer(2089858483,b0f066a214c2f5e87bad3c948f4d605d) (ScriptedImporter) -> (Import Result ID: 'f8b615f26328a35914b28c844873183f') in 0.019455 seconds [static and dynamic dependencies]. Details - ImportResultOutputID=a82856f0533603c7634f78f65b5c5b72 DependenciesID=92ba6211905577563f0ceef4349ce7dc StaticDependenciesID=3ce716e5a92dd485eff3191ea4dbb1cb 
Number of updated asset objects reloaded before import = 0Number of asset objects unloaded after import = 1

========================================================================
Received Import Request.
  Time since last request: 0.000017 seconds.
  path: Assets/Jensen Assets/Materials and Textures/Chest/coins.prefab
  importAddress: Guid(c92fdeb990439954893510a31e925383) Importer(2089858483,b0f066a214c2f5e87bad3c948f4d605d)
Start importing Assets/Jensen Assets/Materials and Textures/Chest/coins.prefab using Guid(c92fdeb990439954893510a31e925383) Importer(2089858483,b0f066a214c2f5e87bad3c948f4d605d) (ScriptedImporter) -> (Import Result ID: 'fc0ef53e15f5938d0198378c6d7f40bc') in 0.0545111 seconds [static and dynamic dependencies]. Details - ImportResultOutputID=a7e6a6e8fb287b92567049cc30d0caf5 DependenciesID=b5adde0e3a34ebef7efddc88ffc1df71 StaticDependenciesID=b71d1b5ce5488fa47fc97c28ce47ef25 
Number of updated asset objects reloaded before import = 0Number of asset objects unloaded after import = 10

========================================================================
Received Import Request.
  Time since last request: 0.000018 seconds.
  path: Assets/Jensen Assets/Models and Prefabs/Walls and Floors/Models/Stone/Wall-Stone-Model-10.fbx
  importAddress: Guid(3e5c569b8600c4b438f9d72565bfd43f) Importer(2089858483,b0f066a214c2f5e87bad3c948f4d605d)
Start importing Assets/Jensen Assets/Models and Prefabs/Walls and Floors/Models/Stone/Wall-Stone-Model-10.fbx using Guid(3e5c569b8600c4b438f9d72565bfd43f) Importer(2089858483,b0f066a214c2f5e87bad3c948f4d605d) (ScriptedImporter) -> (Import Result ID: '67bad9408186ee5cfe174884246ca426') in 0.0333947 seconds [static and dynamic dependencies]. Details - ImportResultOutputID=770fa83e7f2d02e2d7a610b1b080597e DependenciesID=1c48ab1717906ccdbe9c8b65ae59479d StaticDependenciesID=f98242e46f306cead57eae45e6c268d5 
Number of updated asset objects reloaded before import = 0Number of asset objects unloaded after import = 9

========================================================================
Received Import Request.
  Time since last request: 0.000022 seconds.
  path: Assets/Jensen Assets/Door/Wooden Double Door front handle entrance/Textures/T_door1_dmgd_AlbedoTransparency.png
  importAddress: Guid(310ac51172bf11d459f5f847736ea66d) Importer(2089858483,b0f066a214c2f5e87bad3c948f4d605d)
Start importing Assets/Jensen Assets/Door/Wooden Double Door front handle entrance/Textures/T_door1_dmgd_AlbedoTransparency.png using Guid(310ac51172bf11d459f5f847736ea66d) Importer(2089858483,b0f066a214c2f5e87bad3c948f4d605d) (ScriptedImporter) -> (Import Result ID: '30ef050fdbd0119341c9d959ce7646a2') in 0.0243617 seconds [static and dynamic dependencies]. Details - ImportResultOutputID=fac0cf0f0afcc42765112d64646883ba DependenciesID=dc6a4cfccf379bd6da7e0609c29f875d StaticDependenciesID=55ccfe529257a28305855ad503d949a9 
Number of updated asset objects reloaded before import = 0Number of asset objects unloaded after import = 1

========================================================================
Received Import Request.
  Time since last request: 0.000027 seconds.
  path: Assets/Jensen Assets/Settings/PC_Renderer.asset
  importAddress: Guid(9a308f9f5fa72fe4cb7e3cf03d0d1e46) Importer(2089858483,b0f066a214c2f5e87bad3c948f4d605d)
Start importing Assets/Jensen Assets/Settings/PC_Renderer.asset using Guid(9a308f9f5fa72fe4cb7e3cf03d0d1e46) Importer(2089858483,b0f066a214c2f5e87bad3c948f4d605d) (ScriptedImporter) -> (Import Result ID: 'd8bed512ef182e125d382342184766f0') in 0.0396904 seconds [static and dynamic dependencies]. Details - ImportResultOutputID=07228ceb2e4f2cb8828fe45e1e1ce2cb DependenciesID=536e6d533350cd702eee1636107dc008 StaticDependenciesID=402f9fa8919065e7868feca7debf1a9d 
Number of updated asset objects reloaded before import = 0Number of asset objects unloaded after import = 2

========================================================================
Received Import Request.
  Time since last request: 0.000016 seconds.
  path: Assets/Jensen Assets/Materials and Textures/GreatswordofFrozenNight
  importAddress: Guid(0d7378a3da1e86746b8e86c45157df07) Importer(2089858483,b0f066a214c2f5e87bad3c948f4d605d)
Start importing Assets/Jensen Assets/Materials and Textures/GreatswordofFrozenNight using Guid(0d7378a3da1e86746b8e86c45157df07) Importer(2089858483,b0f066a214c2f5e87bad3c948f4d605d) (ScriptedImporter) -> (Import Result ID: '211d09b0cdc048c79c75e0fad304cd4c') in 0.033855 seconds [static and dynamic dependencies]. Details - ImportResultOutputID=80471fe8fddc691c10d5522bb1ca7abf DependenciesID=d83bde3961f7fec48c3bd1e6409e1a1a StaticDependenciesID=5b7b236c83f4da8379566933c0960f09 
Number of updated asset objects reloaded before import = 0Number of asset objects unloaded after import = 1

========================================================================
Received Import Request.
  Time since last request: 0.000015 seconds.
  path: Assets/Jensen Assets/Models and Prefabs/Walls and Floors/Prefabs/Stone/Corners
  importAddress: Guid(1e16bd178761e4d40a0a175e88f8f2e5) Importer(2089858483,b0f066a214c2f5e87bad3c948f4d605d)
Start importing Assets/Jensen Assets/Models and Prefabs/Walls and Floors/Prefabs/Stone/Corners using Guid(1e16bd178761e4d40a0a175e88f8f2e5) Importer(2089858483,b0f066a214c2f5e87bad3c948f4d605d) (ScriptedImporter) -> (Import Result ID: 'e07db7252ae086802699cb905b13201a') in 0.0186212 seconds [static and dynamic dependencies]. Details - ImportResultOutputID=505ccce0e0ce7cc749a4c1f427cf3d92 DependenciesID=f629971073208beca24cab30f2140b0b StaticDependenciesID=f0aa4c1806f0f7ca7c2538e6d503cf8f 
Number of updated asset objects reloaded before import = 0Number of asset objects unloaded after import = 1

========================================================================
Received Import Request.
  Time since last request: 0.000019 seconds.
  path: Assets/Jensen Assets/Materials and Textures/Logos/Materials/ff7logo.mat
  importAddress: Guid(7b8b3507c21239043a291bde9292370c) Importer(2089858483,b0f066a214c2f5e87bad3c948f4d605d)
Start importing Assets/Jensen Assets/Materials and Textures/Logos/Materials/ff7logo.mat using Guid(7b8b3507c21239043a291bde9292370c) Importer(2089858483,b0f066a214c2f5e87bad3c948f4d605d) (ScriptedImporter) -> (Import Result ID: '0f33b783243b43289997131d01f9649c') in 0.0262013 seconds [static and dynamic dependencies]. Details - ImportResultOutputID=9d0483e4f105c255c6bd06ea8fff90d9 DependenciesID=1e560e4fddff8fdfc044bc424b039f34 StaticDependenciesID=93ee9048cfb213a0824a558db46a1a98 
Number of updated asset objects reloaded before import = 0Number of asset objects unloaded after import = 2

========================================================================
Received Import Request.
  Time since last request: 0.000034 seconds.
  path: Assets/Jensen Assets/Materials and Textures/Guitar/AcousticGuitar/Materials/GuitarA_D.mat
  importAddress: Guid(03dcd475c05bea245892652d0afd874c) Importer(2089858483,b0f066a214c2f5e87bad3c948f4d605d)
Start importing Assets/Jensen Assets/Materials and Textures/Guitar/AcousticGuitar/Materials/GuitarA_D.mat using Guid(03dcd475c05bea245892652d0afd874c) Importer(2089858483,b0f066a214c2f5e87bad3c948f4d605d) (ScriptedImporter) -> (Import Result ID: '7f064b4cd48731332a34da5531bd5818') in 0.0337666 seconds [static and dynamic dependencies]. Details - ImportResultOutputID=af18fe4b863291cf7924b63c1a17cbf8 DependenciesID=3d5ed9ed53baaff79e0f9c3801c09a5f StaticDependenciesID=a3c44e5c9dbe233751eaf21f55a9a508 
Number of updated asset objects reloaded before import = 0Number of asset objects unloaded after import = 5

========================================================================
Received Import Request.
  Time since last request: 0.000023 seconds.
  path: Assets/Jensen Assets/Third Person Controller/Robot Kyle/Model/Robot Kyle.fbx
  importAddress: Guid(403e15d510c334d4ba7dff94fe0032b5) Importer(2089858483,b0f066a214c2f5e87bad3c948f4d605d)
Start importing Assets/Jensen Assets/Third Person Controller/Robot Kyle/Model/Robot Kyle.fbx using Guid(403e15d510c334d4ba7dff94fe0032b5) Importer(2089858483,b0f066a214c2f5e87bad3c948f4d605d) (ScriptedImporter)MaterialLocation.External is obsolete. External Material Location is no longer supported. (Assets/Jensen Assets/Third Person Controller/Robot Kyle/Model/Robot Kyle.fbx)
 -> (Import Result ID: 'ef245f8a63c00a25d1e2520821a5f091') in 0.0263097 seconds [static and dynamic dependencies]. Details - ImportResultOutputID=bee072266247d839c08ec12616b4185a DependenciesID=90c8cf50fea2088d33a0920f98d554f6 StaticDependenciesID=2b5f0ff31e2cad03c2fefaaf0768db90 
Number of updated asset objects reloaded before import = 0Number of asset objects unloaded after import = 108

========================================================================
Received Import Request.
  Time since last request: 0.000016 seconds.
  path: Assets/Scenes/IFB101 Scene Final.unity
  importAddress: Guid(d8a1427bfb37b3747aa366f2dd2825fb) Importer(2089858483,b0f066a214c2f5e87bad3c948f4d605d)
Start importing Assets/Scenes/IFB101 Scene Final.unity using Guid(d8a1427bfb37b3747aa366f2dd2825fb) Importer(2089858483,b0f066a214c2f5e87bad3c948f4d605d) (ScriptedImporter) -> (Import Result ID: 'd6d21ca6a1dcbcbff1b886399ba6e809') in 0.0392113 seconds [static and dynamic dependencies]. Details - ImportResultOutputID=c0d49871c3bec2ce3846d6ba37b85762 DependenciesID=4236f061f16296585ba268f9a78bb2d3 StaticDependenciesID=ece26056667198cc7a953cba0fd58b71 
Number of updated asset objects reloaded before import = 0Number of asset objects unloaded after import = 1

========================================================================
Received Import Request.
  Time since last request: 0.000021 seconds.
  path: Assets/Jensen Assets/Models and Prefabs/Walls and Floors/Demo Scenes/Demo Dungeons/ReflectionProbe-0.exr
  importAddress: Guid(aec26c81859badf4a972102d395523ab) Importer(2089858483,b0f066a214c2f5e87bad3c948f4d605d)
Start importing Assets/Jensen Assets/Models and Prefabs/Walls and Floors/Demo Scenes/Demo Dungeons/ReflectionProbe-0.exr using Guid(aec26c81859badf4a972102d395523ab) Importer(2089858483,b0f066a214c2f5e87bad3c948f4d605d) (ScriptedImporter) -> (Import Result ID: '0f2f665a889ffb7237969f823e203a34') in 0.0309346 seconds [static and dynamic dependencies]. Details - ImportResultOutputID=2465fc71a14bcabfee6ae6d87095a5fb DependenciesID=2067aba046a39619619cf34eda93ba22 StaticDependenciesID=8c3a584ea1aa5f596a0b6ba396d6ae70 
Number of updated asset objects reloaded before import = 0Number of asset objects unloaded after import = 1

========================================================================
Received Import Request.
  Time since last request: 0.000079 seconds.
  path: Assets/Jensen Assets/Materials and Textures/Chest/Textures/chest_simple.png
  importAddress: Guid(6015de6afd23724418bea7b6b206073b) Importer(2089858483,b0f066a214c2f5e87bad3c948f4d605d)
Start importing Assets/Jensen Assets/Materials and Textures/Chest/Textures/chest_simple.png using Guid(6015de6afd23724418bea7b6b206073b) Importer(2089858483,b0f066a214c2f5e87bad3c948f4d605d) (ScriptedImporter) -> (Import Result ID: '935603f1b8820a12326cec324175d4dd') in 0.0217399 seconds [static and dynamic dependencies]. Details - ImportResultOutputID=10cb255c40977f01e8855119492e6f63 DependenciesID=ec78249ffaf901e8a75b47d4c9c2b3d7 StaticDependenciesID=2e4d860347169a0670856cc1d6f0bd7b 
Number of updated asset objects reloaded before import = 0Number of asset objects unloaded after import = 1

========================================================================
Received Import Request.
  Time since last request: 0.000022 seconds.
  path: Assets/Jensen Assets/Materials and Textures/Stones/Materials
  importAddress: Guid(0cc8fd93bc46c2d4cabe5aed8349c51b) Importer(2089858483,b0f066a214c2f5e87bad3c948f4d605d)
Start importing Assets/Jensen Assets/Materials and Textures/Stones/Materials using Guid(0cc8fd93bc46c2d4cabe5aed8349c51b) Importer(2089858483,b0f066a214c2f5e87bad3c948f4d605d) (ScriptedImporter) -> (Import Result ID: '613831c44a071c4160c2af8edd1879de') in 0.0127152 seconds [static and dynamic dependencies]. Details - ImportResultOutputID=a8781b2c739ac8da3df3009872b20ed1 DependenciesID=5cb991a10bcfe8e27c70121b77a00d5c StaticDependenciesID=2743ceccafd6487d6a5ff7b9c4067030 
Number of updated asset objects reloaded before import = 0Number of asset objects unloaded after import = 1

========================================================================
Received Import Request.
  Time since last request: 0.000017 seconds.
  path: Assets/Jensen Assets/Models and Prefabs/Walls and Floors/Prefabs/Stone/Walls/Wall-Stone (5).prefab
  importAddress: Guid(25b1fa3957978c8458406dc7cd54fdf8) Importer(2089858483,b0f066a214c2f5e87bad3c948f4d605d)
Start importing Assets/Jensen Assets/Models and Prefabs/Walls and Floors/Prefabs/Stone/Walls/Wall-Stone (5).prefab using Guid(25b1fa3957978c8458406dc7cd54fdf8) Importer(2089858483,b0f066a214c2f5e87bad3c948f4d605d) (ScriptedImporter) -> (Import Result ID: '493f201a53b2aabe1c09af3c89a8d8b6') in 0.0367612 seconds [static and dynamic dependencies]. Details - ImportResultOutputID=dade3e71ff3caa7eff8469d099eda646 DependenciesID=f01e5a4afffa49de5f1fada0749676b8 StaticDependenciesID=d8741620d3684025fa386e835bca5390 
Number of updated asset objects reloaded before import = 0Number of asset objects unloaded after import = 9

========================================================================
Received Import Request.
  Time since last request: 0.000022 seconds.
  path: Assets/Jensen Assets/Materials and Textures/Chest/Materials/gold.mat
  importAddress: Guid(ccc85add18994f0479bf8a3beded1d81) Importer(2089858483,b0f066a214c2f5e87bad3c948f4d605d)
Start importing Assets/Jensen Assets/Materials and Textures/Chest/Materials/gold.mat using Guid(ccc85add18994f0479bf8a3beded1d81) Importer(2089858483,b0f066a214c2f5e87bad3c948f4d605d) (ScriptedImporter) -> (Import Result ID: '3fa0e9dd1195320655c0fe0f224bbc9b') in 0.0154312 seconds [static and dynamic dependencies]. Details - ImportResultOutputID=c0a9e9c7fec45ff7ae54e273332684f0 DependenciesID=f2470cc1778926dfa7f5b51368008b66 StaticDependenciesID=fa124d80fee618da9d0454d45bd23c22 
Number of updated asset objects reloaded before import = 0Number of asset objects unloaded after import = 3

========================================================================
Received Import Request.
  Time since last request: 0.000037 seconds.
  path: Assets/Jensen Assets/Models and Prefabs/Walls and Floors/Models/Stone/materials/Wall-Stone-Model-01.mat
  importAddress: Guid(2a14c57a69e73d74d86c75e7fe903485) Importer(2089858483,b0f066a214c2f5e87bad3c948f4d605d)
Start importing Assets/Jensen Assets/Models and Prefabs/Walls and Floors/Models/Stone/materials/Wall-Stone-Model-01.mat using Guid(2a14c57a69e73d74d86c75e7fe903485) Importer(2089858483,b0f066a214c2f5e87bad3c948f4d605d) (ScriptedImporter) -> (Import Result ID: '2e3d60e986fa427535d169a81c40c4f9') in 0.0150104 seconds [static and dynamic dependencies]. Details - ImportResultOutputID=a2126bc30c94715ec44ffcfca9b81a38 DependenciesID=7548fb5aab140fb8ce21581662f35cdf StaticDependenciesID=b7b4ea96859793226df658c1dde73f27 
Number of updated asset objects reloaded before import = 0Number of asset objects unloaded after import = 3

Editor requested this worker to shutdown with reason: Scaling down because of idle timeout
AssetImportWorker is now disconnected from the server
Process exiting
Exiting without the bug reporter. Application will terminate with return code 0