[Licensing::Module] Trying to connect to existing licensing client channel...
[Licensing::IpcConnector] Successfully connected to: "LicenseClient-Marius" at "2026-05-31T01:59:41.490288Z"
Built from '6000.4/staging' branch; Version is '6000.4.0f1 (8cf496087c8f) revision 9237654'; Using compiler version '194234433'; Build Type 'Release'
OS: 'Windows 11  (10.0.26200) Professional' Language: 'en' Physical Memory: 16307 MB
BatchMode: 1, IsHumanControllingUs: 0, StartBugReporterOnCrash: 0, Is64bit: 1
System  architecture: x64
Process architecture: x64
Date: 2026-05-31T01:59:41Z

COMMAND LINE ARGUMENTS:
C:\Program Files\Unity\Hub\Editor\6000.4.0f1\Editor\Unity.exe
-adb2
-batchMode
-noUpm
-name
AssetImportWorker2
-projectPath
D:/School/QUT/IGB388/IGB101-Assignment-3
-logFile
Logs/AssetImportWorker2.log
-srvPort
58988
-licensingIpc
LicenseClient-Marius
-force-d3d12
-job-worker-count
5
-background-job-worker-count
8
-gc-helper-count
1
-name
AssetImport
Successfully changed project path to: D:/School/QUT/IGB388/IGB101-Assignment-3
D:/School/QUT/IGB388/IGB101-Assignment-3
[UnityMemory] Configuration Parameters - Can be set up in boot.config
    "memorysetup-temp-allocator-size-gi-baking-worker=262144"
    "memorysetup-temp-allocator-size-gi-baking-worker=262144"
    "memorysetup-temp-allocator-size-gi-baking-worker=262144"
    "memorysetup-temp-allocator-size-gi-baking-worker=262144"
    "memorysetup-temp-allocator-size-gi-baking-worker=262144"
    "memorysetup-temp-allocator-size-nav-mesh-worker=65536"
    "memorysetup-temp-allocator-size-audio-worker=65536"
    "memorysetup-temp-allocator-size-cloud-worker=32768"
    "memorysetup-temp-allocator-size-gfx=262144"
    "memorysetup-temp-allocator-size-preload-manager=33554432"
    "memorysetup-temp-allocator-size-job-worker=262144"
    "memorysetup-temp-allocator-size-background-worker=32768"
    "memorysetup-allocator-temp-initial-block-size-main=262144"
    "memorysetup-allocator-temp-initial-block-size-worker=262144"
    "memorysetup-bucket-allocator-granularity=16"
    "memorysetup-bucket-allocator-bucket-count=8"
    "memorysetup-bucket-allocator-block-size=33554432"
    "memorysetup-bucket-allocator-block-count=8"
    "memorysetup-main-allocator-block-size=16777216"
    "memorysetup-thread-allocator-block-size=16777216"
    "memorysetup-gfx-main-allocator-block-size=16777216"
    "memorysetup-gfx-thread-allocator-block-size=16777216"
    "memorysetup-cache-allocator-block-size=4194304"
    "memorysetup-typetree-allocator-block-size=2097152"
    "memorysetup-profiler-bucket-allocator-granularity=16"
    "memorysetup-profiler-bucket-allocator-bucket-count=8"
    "memorysetup-profiler-bucket-allocator-block-size=33554432"
    "memorysetup-profiler-bucket-allocator-block-count=8"
    "memorysetup-profiler-allocator-block-size=16777216"
    "memorysetup-profiler-editor-allocator-block-size=1048576"
    "memorysetup-temp-allocator-size-main=16777216"
    "memorysetup-job-temp-allocator-block-size=2097152"
    "memorysetup-job-temp-allocator-block-size-background=1048576"
    "memorysetup-job-temp-allocator-reduction-small-platforms=262144"
Player connection [20048]  Target information:

Player connection [20048]  * "[IP] 10.0.0.12 [Port] 0 [Flags] 2 [Guid] 870367231 [EditorId] 870367231 [Version] 1048832 [Id] WindowsEditor(7,DESKTOP-10BTGBN) [Debug] 1 [PackageName] WindowsEditor [ProjectName] Editor" 

Player connection [20048] Host joined multi-casting on [225.0.0.222:54997]...
Player connection [20048] Host joined alternative multi-casting on [225.0.0.222:34997]...
JobSystem: Creating JobQueue using job-worker-count value 5
Input System module state changed to: Initialized.
[Physics::Module] Initialized fallback backend.
[Physics::Module] Id: 0xdecafbad
Library Redirect Path: Library/
[Physics::Module] Selected backend.
[Physics::Module] Name: PhysX
[Physics::Module] Id: 0xf2b8ea05
[Physics::Module] SDK Version: 4.1.2
[Physics::Module] Integration Version: 1.0.0
[Physics::Module] Threading Mode: Multi-Threaded
Initialize engine version: 6000.4.0f1 (8cf496087c8f)
[Subsystems] Discovering subsystems at path C:/Program Files/Unity/Hub/Editor/6000.4.0f1/Editor/Data/Resources/UnitySubsystems
[Subsystems] Discovering subsystems at path D:/School/QUT/IGB388/IGB101-Assignment-3/Assets
Forcing GfxDevice: Direct3D 12
GfxDevice: creating device client; kGfxThreadingModeNonThreaded
d3d12: failed to query info queue interface (0x80004002).
Direct3D:
    Version:         Direct3D 12 [level 12.2]
    Renderer:        AMD Radeon RX 6650 XT (ID=0x73ef)
    Vendor:          ATI
    VRAM:            8147 MB
    App VRAM Budget: 7379 MB
    Driver:          32.0.21043.10005
Initialize mono
Mono path[0] = 'C:/Program Files/Unity/Hub/Editor/6000.4.0f1/Editor/Data/Managed'
Mono path[1] = 'C:/Program Files/Unity/Hub/Editor/6000.4.0f1/Editor/Data/MonoBleedingEdge/lib/mono/unityjit-win32'
Mono config path = 'C:/Program Files/Unity/Hub/Editor/6000.4.0f1/Editor/Data/MonoBleedingEdge/etc'
Using monoOptions --debugger-agent=transport=dt_socket,embedding=1,server=y,suspend=n,address=127.0.0.1:56972
CodeReloadManager initialized
Begin MonoManager ReloadAssembly
Registering precompiled unity dll's ...
Register platform support module: C:/Program Files/Unity/Hub/Editor/6000.4.0f1/Editor/Data/PlaybackEngines/WebGLSupport/UnityEditor.WebGL.Extensions.dll
Register platform support module: C:/Program Files/Unity/Hub/Editor/6000.4.0f1/Editor/Data/PlaybackEngines/WindowsStandaloneSupport/UnityEditor.WindowsStandalone.Extensions.dll
Registered in 0.006799 seconds.
Native extension for WindowsStandalone target not found
Native extension for WebGL target not found
Package Manager log level set to [2]
[Package Manager] Failed to launch server process. Reason: Unity was launched with the -noUpm command-line argument
[Package Manager] Unable to send message (not connected to server process).
[Package Manager] Cannot connect to Unity Package Manager local server
ScheduleIndexationOnStartup MainProcess:False IndexOnStartup:True
Mono: successfully reloaded assembly
- Finished resetting the current domain, in  0.455 seconds
Domain Reload Profiling: 1091ms
	BeginReloadAssembly (199ms)
	RebuildCommonClasses (48ms)
	RebuildNativeTypeToScriptingClass (16ms)
	initialDomainReloadingComplete (116ms)
	LoadAllAssembliesAndSetupDomain (256ms)
		LoadAssemblies (186ms)
		AnalyzeDomain (245ms)
			TypeCache.Refresh (244ms)
				TypeCache.ScanAssembly (228ms)
	FinalizeReload (457ms)
		SetupLoadedEditorAssemblies (0ms)
			InitializePlatformSupportModulesInManaged (60ms)
			BeforeProcessingInitializeOnLoad (100ms)
			ProcessInitializeOnLoadAttributes (120ms)
			ProcessInitializeOnLoadMethodAttributes (98ms)
========================================================================
Worker process is ready to serve import requests
Import Worker Mode flag is 0x00
Begin MonoManager ReloadAssembly
[Licensing::Module] Licensing is not yet initialized.
[Licensing::Client] Error: HandshakeResponse reported an error:
	ResponseCode: 505
	ResponseStatus: Unsupported protocol version '1.18.1'.
[Licensing::Module] Error: Failed to handshake to channel: "LicenseClient-Marius"
[Licensing::IpcConnector] LicenseClient-Marius channel disconnected successfully.
[Licensing::IpcConnector] Successfully connected to: "LicenseClient-Marius-6000.4.0" at "2026-05-31T01:59:44.0715021Z"
[Licensing::Client] Handshaking with LicensingClient:
  Version:                 1.18.1+9fbee8e
  Session Id:              ca1498b9be024c80afe126ee99af1c50
  Correlation Id:          7627b23b7a5d3e16957788b2f9839c9c
  External correlation Id: 3009015430511446185
  Machine Id:              y/MvuSKsyWDfieVo3Lj/6Sp878E=
[Licensing::Module] Successfully connected to LicensingClient on channel: "LicenseClient-Marius-6000.4.0" (connect: 0.00s, validation: 0.00s, handshake: 2.35s)
[Licensing::IpcConnector] Successfully connected to: "LicenseClient-Marius-6000.4.0-notifications" at "2026-05-31T01:59:46.4214971Z"
[Licensing::Module] Licensing Background thread has ended after 4.93s
[Licensing::Module] Licensing is initialized (took 2.42s).
[Licensing::Client] Successfully resolved entitlement details
[Licensing::Module] License group:
  Id: 16768057548538-UnityPersXXXX
  Product: Unity Personal
  Type: Assigned
  Expiration: Unlimited
Assembly Assembly-CSharp-Editor-firstpass.dll at Library/ScriptAssemblies/Assembly-CSharp-Editor-firstpass.dll not valid. Loading of assembly skipped.
Assembly Assembly-CSharp-Editor.dll at Library/ScriptAssemblies/Assembly-CSharp-Editor.dll not valid. Loading of assembly skipped.
Assembly Assembly-CSharp-firstpass.dll at Library/ScriptAssemblies/Assembly-CSharp-firstpass.dll not valid. Loading of assembly skipped.
Assembly TestNewCustomAssembly.dll at Library/ScriptAssemblies/TestNewCustomAssembly.dll not valid. Loading of assembly skipped.
Assembly Unity.Collections.BurstCompatibilityGen.dll at Library/ScriptAssemblies/Unity.Collections.BurstCompatibilityGen.dll not valid. Loading of assembly skipped.
Assembly Unity.Collections.DocCodeSamples.dll at Library/ScriptAssemblies/Unity.Collections.DocCodeSamples.dll not valid. Loading of assembly skipped.
Assembly Unity.Collections.PerformanceTests.dll at Library/ScriptAssemblies/Unity.Collections.PerformanceTests.dll not valid. Loading of assembly skipped.
Assembly Unity.Collections.Tests.dll at Library/ScriptAssemblies/Unity.Collections.Tests.dll not valid. Loading of assembly skipped.
Assembly Unity.Collections.Tests.Playmode.dll at Library/ScriptAssemblies/Unity.Collections.Tests.Playmode.dll not valid. Loading of assembly skipped.
Assembly Unity.Mathematics.Tests.dll at Library/ScriptAssemblies/Unity.Mathematics.Tests.dll not valid. Loading of assembly skipped.
Assembly Unity.Multiplayer.Center.Editor.Tests.dll at Library/ScriptAssemblies/Unity.Multiplayer.Center.Editor.Tests.dll not valid. Loading of assembly skipped.
Assembly Unity.Multiplayer.Center.Tests.dll at Library/ScriptAssemblies/Unity.Multiplayer.Center.Tests.dll not valid. Loading of assembly skipped.
Assembly Unity.Nuget.Mono-Cecil.dll at Library/ScriptAssemblies/Unity.Nuget.Mono-Cecil.dll not valid. Loading of assembly skipped.
Assembly Unity.PathTracing.Editor.Tests.dll at Library/ScriptAssemblies/Unity.PathTracing.Editor.Tests.dll not valid. Loading of assembly skipped.
Assembly Unity.PathTracing.Runtime.Tests.dll at Library/ScriptAssemblies/Unity.PathTracing.Runtime.Tests.dll not valid. Loading of assembly skipped.
Assembly Unity.RenderPipelines.Core.Editor.Tests.dll at Library/ScriptAssemblies/Unity.RenderPipelines.Core.Editor.Tests.dll not valid. Loading of assembly skipped.
Assembly Unity.RenderPipelines.Core.Runtime.Tests.dll at Library/ScriptAssemblies/Unity.RenderPipelines.Core.Runtime.Tests.dll not valid. Loading of assembly skipped.
Assembly Unity.Searcher.EditorTests.dll at Library/ScriptAssemblies/Unity.Searcher.EditorTests.dll not valid. Loading of assembly skipped.
Assembly Unity.Settings.Tests.dll at Library/ScriptAssemblies/Unity.Settings.Tests.dll not valid. Loading of assembly skipped.
Assembly Unity.ShaderGraph.Editor.Tests.dll at Library/ScriptAssemblies/Unity.ShaderGraph.Editor.Tests.dll not valid. Loading of assembly skipped.
Assembly Unity.TextMeshPro.Editor.Tests.dll at Library/ScriptAssemblies/Unity.TextMeshPro.Editor.Tests.dll not valid. Loading of assembly skipped.
Assembly Unity.TextMeshPro.Tests.dll at Library/ScriptAssemblies/Unity.TextMeshPro.Tests.dll not valid. Loading of assembly skipped.
Assembly Unity.UnifiedRayTracing.Editor.Tests.dll at Library/ScriptAssemblies/Unity.UnifiedRayTracing.Editor.Tests.dll not valid. Loading of assembly skipped.
Assembly UnityEditor.UI.Common.Tests.dll at Library/ScriptAssemblies/UnityEditor.UI.Common.Tests.dll not valid. Loading of assembly skipped.
Assembly UnityEditor.UI.EditorTests.dll at Library/ScriptAssemblies/UnityEditor.UI.EditorTests.dll not valid. Loading of assembly skipped.
Assembly UnityEngine.UI.Tests.dll at Library/ScriptAssemblies/UnityEngine.UI.Tests.dll not valid. Loading of assembly skipped.
Native extension for WindowsStandalone target not found
Native extension for WebGL target not found
[Package Manager] Failed to launch server process. Reason: Unity was launched with the -noUpm command-line argument
[Package Manager] Unable to send message (not connected to server process).
[Package Manager] Cannot connect to Unity Package Manager local server
[MODES] ModeService[none].Initialize
[MODES] ModeService[none].LoadModes
[MODES] Loading mode Default (0) for mode-current-id-IGB101-Assignment-3
ScheduleIndexationOnStartup MainProcess:False IndexOnStartup:True
Mono: successfully reloaded assembly
- Finished resetting the current domain, in  0.589 seconds
Domain Reload Profiling: 3806ms
	BeginReloadAssembly (2667ms)
		DisableScriptedObjects (6ms)
		CreateAndSetChildDomain (28ms)
	RebuildCommonClasses (47ms)
	RebuildNativeTypeToScriptingClass (15ms)
	initialDomainReloadingComplete (104ms)
	LoadAllAssembliesAndSetupDomain (384ms)
		LoadAssemblies (397ms)
		AnalyzeDomain (139ms)
			TypeCache.Refresh (96ms)
				TypeCache.ScanAssembly (88ms)
			BuildScriptInfoCaches (37ms)
			ResolveRequiredComponents (4ms)
	FinalizeReload (589ms)
		SetupLoadedEditorAssemblies (0ms)
			InitializePlatformSupportModulesInManaged (3ms)
			BeforeProcessingInitializeOnLoad (149ms)
			ProcessInitializeOnLoadAttributes (150ms)
			ProcessInitializeOnLoadMethodAttributes (117ms)
			AfterProcessingInitializeOnLoad (24ms)
		AwakeInstancesAfterBackupRestoration (7ms)
Launched and connected shader compiler UnityShaderCompiler.exe after 0.16 seconds
Unloading 50 Unused Serialized files (Serialized files now loaded: 0)
Unloading 3184 unused Assets / (6.5 MB). Loaded Objects now: 3797.
Memory consumption went from 113.9 MB to 107.4 MB.
Total: 7.926500 ms (FindLiveObjects: 0.419800 ms CreateObjectMapping: 0.152000 ms MarkObjects: 5.069300 ms  DeleteObjects: 2.282800 ms)

========================================================================
Received Import Request.
  Time since last request: 3652.869697 seconds.
  path: Assets/Marius N11608412/Materials and Textures/Rook White.mat
  importAddress: Guid(3b8dbbf398596494f8981d2b54464c3d) Importer(815301076,1909f56bfc062723c751e8b465ee728b)
Start importing Assets/Marius N11608412/Materials and Textures/Rook White.mat using Guid(3b8dbbf398596494f8981d2b54464c3d) Importer(815301076,1909f56bfc062723c751e8b465ee728b) (PreviewImporter) -> (Import Result ID: 'b6e3b8dfb3c6c24a191552246974917f') in 0.1132706 seconds [static and dynamic dependencies]. Details - ImportResultOutputID=2398ca05d32d350c1c045397e4e35e6a DependenciesID=8a1f464679ecff2cab68386ec96c77de StaticDependenciesID=1a54ad04e4a870b1747771c57b6a910e 
Number of updated asset objects reloaded before import = 0Number of asset objects unloaded after import = 1

========================================================================
Received Import Request.
  Time since last request: 0.809589 seconds.
  path: Assets/Marius N11608412/Materials and Textures/Rook White.mat
  importAddress: Guid(3b8dbbf398596494f8981d2b54464c3d) Importer(2089858483,b0f066a214c2f5e87bad3c948f4d605d)
Start importing Assets/Marius N11608412/Materials and Textures/Rook White.mat using Guid(3b8dbbf398596494f8981d2b54464c3d) Importer(2089858483,b0f066a214c2f5e87bad3c948f4d605d) (ScriptedImporter) -> (Import Result ID: '0ad351206fba5638397903d793fa8c60') in 0.0913029 seconds [static and dynamic dependencies]. Details - ImportResultOutputID=f0274d0eefaae9a0720719d8ed991853 DependenciesID=9b09d58c136703fa70cdf1716ddb92ab StaticDependenciesID=82b3e160ceb6a2868bac11e047153f9c 
Number of updated asset objects reloaded before import = 0Number of asset objects unloaded after import = 1

========================================================================
Received Import Request.
  Time since last request: 109.179111 seconds.
  path: Assets/Marius N11608412/Prefabs/Cube.prefab
  importAddress: Guid(6306fa36a42b12046acd9531b5c34cb3) Importer(815301076,1909f56bfc062723c751e8b465ee728b)
Start importing Assets/Marius N11608412/Prefabs/Cube.prefab using Guid(6306fa36a42b12046acd9531b5c34cb3) Importer(815301076,1909f56bfc062723c751e8b465ee728b) (PreviewImporter) -> (Import Result ID: 'ea4808b7ec78a558a14add10c995c931') in 0.0309745 seconds [static and dynamic dependencies]. Details - ImportResultOutputID=260380152fa51aee618ea58843840d6b DependenciesID=11e3dc5adb26751be8d624db48727329 StaticDependenciesID=789b17ff7676bceefb1ad504ed696fd7 
Number of updated asset objects reloaded before import = 0Number of asset objects unloaded after import = 13

========================================================================
Received Import Request.
  Time since last request: 0.000018 seconds.
  path: Assets/Marius N11608412/Prefabs/Stone Dungeon #2 (1).prefab
  importAddress: Guid(af168f5f122d7d849bbdd283e3a76784) Importer(815301076,1909f56bfc062723c751e8b465ee728b)
Start importing Assets/Marius N11608412/Prefabs/Stone Dungeon #2 (1).prefab using Guid(af168f5f122d7d849bbdd283e3a76784) Importer(815301076,1909f56bfc062723c751e8b465ee728b) (PreviewImporter) -> (Import Result ID: 'ccf40659bb820263143e8a3a25d2f9df') in 0.0193039 seconds [static and dynamic dependencies]. Details - ImportResultOutputID=071b7fc2edcfac0f7e6a9ce2e33ed0b4 DependenciesID=557e8ba594b7c69ffc6c91da25035c8a StaticDependenciesID=26d933481e6c3ca0f9fc407ad3430622 
Number of updated asset objects reloaded before import = 0Number of asset objects unloaded after import = 350

========================================================================
Received Import Request.
  Time since last request: 0.000029 seconds.
  path: Assets/Marius N11608412/Prefabs/Stone Dungeon #2 1.prefab
  importAddress: Guid(c60249390faa1d741bc94fb1fd426c1d) Importer(815301076,1909f56bfc062723c751e8b465ee728b)
Start importing Assets/Marius N11608412/Prefabs/Stone Dungeon #2 1.prefab using Guid(c60249390faa1d741bc94fb1fd426c1d) Importer(815301076,1909f56bfc062723c751e8b465ee728b) (PreviewImporter) -> (Import Result ID: 'f35938bf8c8e6bbb072de0e2ac594188') in 0.0196957 seconds [static and dynamic dependencies]. Details - ImportResultOutputID=946ca1f74bb730e4a2823e3a89cf99c8 DependenciesID=0fa182e39ea4f36aaf551711c9533049 StaticDependenciesID=4eadd61dd0251615c6f33057aabd3938 
Number of updated asset objects reloaded before import = 0Number of asset objects unloaded after import = 385

========================================================================
Received Import Request.
  Time since last request: 0.000017 seconds.
  path: Assets/Marius N11608412/Prefabs/Wood Dungeon #1.prefab
  importAddress: Guid(a3cc1ea812b56c146a49d97794e30ef4) Importer(815301076,1909f56bfc062723c751e8b465ee728b)
Start importing Assets/Marius N11608412/Prefabs/Wood Dungeon #1.prefab using Guid(a3cc1ea812b56c146a49d97794e30ef4) Importer(815301076,1909f56bfc062723c751e8b465ee728b) (PreviewImporter) -> (Import Result ID: 'beb64252f877841308c84a358bc3d7bd') in 0.7912375 seconds [static and dynamic dependencies]. Details - ImportResultOutputID=97c6b28a5c3934f01409ea94ff22fed1 DependenciesID=a3db01092d2bd9878d8ffa23d901648e StaticDependenciesID=7bad14d5adf18faeb4de5f6976fe464e 
Number of updated asset objects reloaded before import = 0Number of asset objects unloaded after import = 1200

========================================================================
Received Import Request.
  Time since last request: 6.947120 seconds.
  path: Assets/Marius N11608412/Prefabs/Cube (1).prefab
  importAddress: Guid(6b9158c666cb56f4dae3dab9f4447988) Importer(815301076,1909f56bfc062723c751e8b465ee728b)
Start importing Assets/Marius N11608412/Prefabs/Cube (1).prefab using Guid(6b9158c666cb56f4dae3dab9f4447988) Importer(815301076,1909f56bfc062723c751e8b465ee728b) (PreviewImporter) -> (Import Result ID: '52949159a21c840452c5b561dea341b7') in 0.047345 seconds [static and dynamic dependencies]. Details - ImportResultOutputID=db4ee70578a77025040d41d00d1e2b7e DependenciesID=ff37cae292534d79c131601766e4df58 StaticDependenciesID=0686f9cade5950fea5ab2b63965098cb 
Number of updated asset objects reloaded before import = 0Number of asset objects unloaded after import = 11

========================================================================
Received Import Request.
  Time since last request: 1.176215 seconds.
  path: Assets/Marius N11608412/Prefabs/Cube (1).prefab
  importAddress: Guid(6b9158c666cb56f4dae3dab9f4447988) Importer(2089858483,b0f066a214c2f5e87bad3c948f4d605d)
Start importing Assets/Marius N11608412/Prefabs/Cube (1).prefab using Guid(6b9158c666cb56f4dae3dab9f4447988) Importer(2089858483,b0f066a214c2f5e87bad3c948f4d605d) (ScriptedImporter) -> (Import Result ID: '9b2d5af0190c385781b94bf70b2a9185') in 0.0862004 seconds [static and dynamic dependencies]. Details - ImportResultOutputID=08760cd536208fec5b849d554bb2d690 DependenciesID=26f3992abaec3d7c8e8c651bfb8ced35 StaticDependenciesID=2ebaa448499097410f50046a998ca54d 
Number of updated asset objects reloaded before import = 0Number of asset objects unloaded after import = 11

========================================================================
Received Import Request.
  Time since last request: 11.702831 seconds.
  path: Assets/Marius N11608412/Prefabs/Rook.prefab
  importAddress: Guid(6b9158c666cb56f4dae3dab9f4447988) Importer(815301076,1909f56bfc062723c751e8b465ee728b)
Start importing Assets/Marius N11608412/Prefabs/Rook.prefab using Guid(6b9158c666cb56f4dae3dab9f4447988) Importer(815301076,1909f56bfc062723c751e8b465ee728b) (PreviewImporter) -> (Import Result ID: '0ba5ce9debea648a0808b3a35c837ed3') in 0.0027493 seconds [static and dynamic dependencies]. Details - ImportResultOutputID=db4ee70578a77025040d41d00d1e2b7e DependenciesID=7fe60345020d72468a615791a62680ef StaticDependenciesID=56267087ca4225b7be484b491465b0ca 
Number of updated asset objects reloaded before import = 0Number of asset objects unloaded after import = 11

========================================================================
Received Import Request.
  Time since last request: 0.959720 seconds.
  path: Assets/Marius N11608412/Prefabs/Rook.prefab
  importAddress: Guid(6b9158c666cb56f4dae3dab9f4447988) Importer(2089858483,b0f066a214c2f5e87bad3c948f4d605d)
Start importing Assets/Marius N11608412/Prefabs/Rook.prefab using Guid(6b9158c666cb56f4dae3dab9f4447988) Importer(2089858483,b0f066a214c2f5e87bad3c948f4d605d) (ScriptedImporter) -> (Import Result ID: '1e2fcb08e4b3d98acea1e3e98d608340') in 0.1567665 seconds [static and dynamic dependencies]. Details - ImportResultOutputID=a36fe776b459ae2f7ba9ad6e6336bc2e DependenciesID=906c9be5721d2ac7536352c2b74cef27 StaticDependenciesID=3ab269b17fd79ef644033a407a7b9160 
Number of updated asset objects reloaded before import = 0Number of asset objects unloaded after import = 11

========================================================================
Received Import Request.
  Time since last request: 28.538447 seconds.
  path: Assets/Marius N11608412/Materials and Textures/Rook White 1.mat
  importAddress: Guid(e9737798f62baa64e9360ff7a85acb93) Importer(815301076,1909f56bfc062723c751e8b465ee728b)
Start importing Assets/Marius N11608412/Materials and Textures/Rook White 1.mat using Guid(e9737798f62baa64e9360ff7a85acb93) Importer(815301076,1909f56bfc062723c751e8b465ee728b) (PreviewImporter) -> (Import Result ID: '49eba8b0c55b2aabc6e826bfb5e82d83') in 0.0166481 seconds [static and dynamic dependencies]. Details - ImportResultOutputID=288b7683b43f14c8131cfe162a8f99a1 DependenciesID=fdf1f7daaeba142503814a2666e3ac5b StaticDependenciesID=a255807170eb5ac78045247578a83f41 
Number of updated asset objects reloaded before import = 0Number of asset objects unloaded after import = 1

========================================================================
Received Import Request.
  Time since last request: 0.955852 seconds.
  path: Assets/Marius N11608412/Materials and Textures/Rook White 1.mat
  importAddress: Guid(e9737798f62baa64e9360ff7a85acb93) Importer(2089858483,b0f066a214c2f5e87bad3c948f4d605d)
Start importing Assets/Marius N11608412/Materials and Textures/Rook White 1.mat using Guid(e9737798f62baa64e9360ff7a85acb93) Importer(2089858483,b0f066a214c2f5e87bad3c948f4d605d) (ScriptedImporter) -> (Import Result ID: '5bbf9f3121d55b1e31a348edc81a4e30') in 0.0105654 seconds [static and dynamic dependencies]. Details - ImportResultOutputID=3262889f6bf39810df908a61b11b5c3f DependenciesID=ffbabc573ea07fa1519ab916b6b67c26 StaticDependenciesID=69903176e0b2d4836babdc0c24ac63e9 
Number of updated asset objects reloaded before import = 0Number of asset objects unloaded after import = 1

========================================================================
Received Import Request.
  Time since last request: 11.051745 seconds.
  path: Assets/Marius N11608412/Materials and Textures/Chess Black.mat
  importAddress: Guid(e9737798f62baa64e9360ff7a85acb93) Importer(815301076,1909f56bfc062723c751e8b465ee728b)
Start importing Assets/Marius N11608412/Materials and Textures/Chess Black.mat using Guid(e9737798f62baa64e9360ff7a85acb93) Importer(815301076,1909f56bfc062723c751e8b465ee728b) (PreviewImporter) -> (Import Result ID: 'b6b3ee6ce8c9f7228a887a1d64d8d2df') in 0.0197182 seconds [static and dynamic dependencies]. Details - ImportResultOutputID=288b7683b43f14c8131cfe162a8f99a1 DependenciesID=2aa4a54213e687f2eda1aa31117c427a StaticDependenciesID=964b6f284efad43be7f1013ae62ef15f 
Number of updated asset objects reloaded before import = 0Number of asset objects unloaded after import = 1

========================================================================
Received Import Request.
  Time since last request: 0.973816 seconds.
  path: Assets/Marius N11608412/Materials and Textures/Chess Black.mat
  importAddress: Guid(e9737798f62baa64e9360ff7a85acb93) Importer(2089858483,b0f066a214c2f5e87bad3c948f4d605d)
Start importing Assets/Marius N11608412/Materials and Textures/Chess Black.mat using Guid(e9737798f62baa64e9360ff7a85acb93) Importer(2089858483,b0f066a214c2f5e87bad3c948f4d605d) (ScriptedImporter) -> (Import Result ID: '5e74511a84d4df5a41ad4b8a935dfce2') in 0.0109337 seconds [static and dynamic dependencies]. Details - ImportResultOutputID=43dfb0e2671012e099a56c78dd55f19e DependenciesID=7147ff00d0fcca28d5ab6aa727421acf StaticDependenciesID=b44f3621aec405082c3452ef923c1c29 
Number of updated asset objects reloaded before import = 0Number of asset objects unloaded after import = 1

========================================================================
Received Import Request.
  Time since last request: 6.618773 seconds.
  path: Assets/Marius N11608412/Materials and Textures/Chess White.mat
  importAddress: Guid(3b8dbbf398596494f8981d2b54464c3d) Importer(815301076,1909f56bfc062723c751e8b465ee728b)
Start importing Assets/Marius N11608412/Materials and Textures/Chess White.mat using Guid(3b8dbbf398596494f8981d2b54464c3d) Importer(815301076,1909f56bfc062723c751e8b465ee728b) (PreviewImporter) -> (Import Result ID: '780a508089a6130cd23e430530e5a2b2') in 0.0152578 seconds [static and dynamic dependencies]. Details - ImportResultOutputID=2398ca05d32d350c1c045397e4e35e6a DependenciesID=f9720aff69d43f1b8396c2202d93b084 StaticDependenciesID=8412ea5bb16f085933ba8e5ef5f76c4d 
Number of updated asset objects reloaded before import = 0Number of asset objects unloaded after import = 1

========================================================================
Received Import Request.
  Time since last request: 0.967914 seconds.
  path: Assets/Marius N11608412/Materials and Textures/Chess White.mat
  importAddress: Guid(3b8dbbf398596494f8981d2b54464c3d) Importer(2089858483,b0f066a214c2f5e87bad3c948f4d605d)
Start importing Assets/Marius N11608412/Materials and Textures/Chess White.mat using Guid(3b8dbbf398596494f8981d2b54464c3d) Importer(2089858483,b0f066a214c2f5e87bad3c948f4d605d) (ScriptedImporter) -> (Import Result ID: 'f6560c73a032c5c3be2e5cfed0818c06') in 0.0129221 seconds [static and dynamic dependencies]. Details - ImportResultOutputID=d5400875415919ddd34b48333da206b2 DependenciesID=f29034d2671822a785d72aeacfadc8f4 StaticDependenciesID=e21994df77c4770dc847897e41e307c4 
Number of updated asset objects reloaded before import = 0Number of asset objects unloaded after import = 1

========================================================================
Received Import Request.
  Time since last request: 664.119978 seconds.
  path: Assets/Marius N11608412/Prefabs/Cube 1.prefab
  importAddress: Guid(6174f8c5333000f479c00f57c1a255e9) Importer(815301076,1909f56bfc062723c751e8b465ee728b)
Start importing Assets/Marius N11608412/Prefabs/Cube 1.prefab using Guid(6174f8c5333000f479c00f57c1a255e9) Importer(815301076,1909f56bfc062723c751e8b465ee728b) (PreviewImporter) -> (Import Result ID: 'cb40d8a359f4af0c522f3560d42fadcd') in 0.0025504 seconds [static and dynamic dependencies]. Details - ImportResultOutputID=5eca0678115ef526b08232fefeadbb01 DependenciesID=14591db46d72a031893340a59ac4c913 StaticDependenciesID=42250741ad07ba3a6d3abe53b3fc5b4e 
Number of updated asset objects reloaded before import = 0Number of asset objects unloaded after import = 11

========================================================================
Received Import Request.
  Time since last request: 0.976996 seconds.
  path: Assets/Marius N11608412/Prefabs/Cube 1.prefab
  importAddress: Guid(6174f8c5333000f479c00f57c1a255e9) Importer(2089858483,b0f066a214c2f5e87bad3c948f4d605d)
Start importing Assets/Marius N11608412/Prefabs/Cube 1.prefab using Guid(6174f8c5333000f479c00f57c1a255e9) Importer(2089858483,b0f066a214c2f5e87bad3c948f4d605d) (ScriptedImporter) -> (Import Result ID: '8e855a4b2aa1db6ee5439a90a30b71b3') in 0.0168052 seconds [static and dynamic dependencies]. Details - ImportResultOutputID=d8e3737dec3558491fc69e280960ad58 DependenciesID=f221f49d8a722dc456f92bb1a22ce42f StaticDependenciesID=3a50928544ca0d0e5de84fbc2dcb5fa1 
Number of updated asset objects reloaded before import = 0Number of asset objects unloaded after import = 11

========================================================================
Received Import Request.
  Time since last request: 6.949191 seconds.
  path: Assets/Marius N11608412/Prefabs/Pawn.prefab
  importAddress: Guid(6174f8c5333000f479c00f57c1a255e9) Importer(815301076,1909f56bfc062723c751e8b465ee728b)
Start importing Assets/Marius N11608412/Prefabs/Pawn.prefab using Guid(6174f8c5333000f479c00f57c1a255e9) Importer(815301076,1909f56bfc062723c751e8b465ee728b) (PreviewImporter) -> (Import Result ID: '5d17632d439da0001def12588d062710') in 0.0028507 seconds [static and dynamic dependencies]. Details - ImportResultOutputID=5eca0678115ef526b08232fefeadbb01 DependenciesID=1ab9d6517f04409d01d18005ecf07caa StaticDependenciesID=a0c84bc90b413513a55b3cb67cfe24f4 
Number of updated asset objects reloaded before import = 0Number of asset objects unloaded after import = 11

========================================================================
Received Import Request.
  Time since last request: 0.959293 seconds.
  path: Assets/Marius N11608412/Prefabs/Pawn.prefab
  importAddress: Guid(6174f8c5333000f479c00f57c1a255e9) Importer(2089858483,b0f066a214c2f5e87bad3c948f4d605d)
Start importing Assets/Marius N11608412/Prefabs/Pawn.prefab using Guid(6174f8c5333000f479c00f57c1a255e9) Importer(2089858483,b0f066a214c2f5e87bad3c948f4d605d) (ScriptedImporter) -> (Import Result ID: '8a591ea14bc8e57b14d37efc54f98727') in 0.0181987 seconds [static and dynamic dependencies]. Details - ImportResultOutputID=258c009f25468a327e7682eab4cfe6c0 DependenciesID=3e3ea3fba58595a1b31a138d03de623e StaticDependenciesID=034cb7f3494e7fd49aa27a78da018bc3 
Number of updated asset objects reloaded before import = 0Number of asset objects unloaded after import = 11

========================================================================
Received Prepare
Begin MonoManager ReloadAssembly
[Licensing::Client] Successfully resolved entitlement details
Assembly Assembly-CSharp-Editor-firstpass.dll at Library/ScriptAssemblies/Assembly-CSharp-Editor-firstpass.dll not valid. Loading of assembly skipped.
Assembly Assembly-CSharp-Editor.dll at Library/ScriptAssemblies/Assembly-CSharp-Editor.dll not valid. Loading of assembly skipped.
Assembly Assembly-CSharp-firstpass.dll at Library/ScriptAssemblies/Assembly-CSharp-firstpass.dll not valid. Loading of assembly skipped.
Assembly TestNewCustomAssembly.dll at Library/ScriptAssemblies/TestNewCustomAssembly.dll not valid. Loading of assembly skipped.
Assembly Unity.Collections.BurstCompatibilityGen.dll at Library/ScriptAssemblies/Unity.Collections.BurstCompatibilityGen.dll not valid. Loading of assembly skipped.
Assembly Unity.Collections.DocCodeSamples.dll at Library/ScriptAssemblies/Unity.Collections.DocCodeSamples.dll not valid. Loading of assembly skipped.
Assembly Unity.Collections.PerformanceTests.dll at Library/ScriptAssemblies/Unity.Collections.PerformanceTests.dll not valid. Loading of assembly skipped.
Assembly Unity.Collections.Tests.dll at Library/ScriptAssemblies/Unity.Collections.Tests.dll not valid. Loading of assembly skipped.
Assembly Unity.Collections.Tests.Playmode.dll at Library/ScriptAssemblies/Unity.Collections.Tests.Playmode.dll not valid. Loading of assembly skipped.
Assembly Unity.Mathematics.Tests.dll at Library/ScriptAssemblies/Unity.Mathematics.Tests.dll not valid. Loading of assembly skipped.
Assembly Unity.Multiplayer.Center.Editor.Tests.dll at Library/ScriptAssemblies/Unity.Multiplayer.Center.Editor.Tests.dll not valid. Loading of assembly skipped.
Assembly Unity.Multiplayer.Center.Tests.dll at Library/ScriptAssemblies/Unity.Multiplayer.Center.Tests.dll not valid. Loading of assembly skipped.
Assembly Unity.Nuget.Mono-Cecil.dll at Library/ScriptAssemblies/Unity.Nuget.Mono-Cecil.dll not valid. Loading of assembly skipped.
Assembly Unity.PathTracing.Editor.Tests.dll at Library/ScriptAssemblies/Unity.PathTracing.Editor.Tests.dll not valid. Loading of assembly skipped.
Assembly Unity.PathTracing.Runtime.Tests.dll at Library/ScriptAssemblies/Unity.PathTracing.Runtime.Tests.dll not valid. Loading of assembly skipped.
Assembly Unity.RenderPipelines.Core.Editor.Tests.dll at Library/ScriptAssemblies/Unity.RenderPipelines.Core.Editor.Tests.dll not valid. Loading of assembly skipped.
Assembly Unity.RenderPipelines.Core.Runtime.Tests.dll at Library/ScriptAssemblies/Unity.RenderPipelines.Core.Runtime.Tests.dll not valid. Loading of assembly skipped.
Assembly Unity.Searcher.EditorTests.dll at Library/ScriptAssemblies/Unity.Searcher.EditorTests.dll not valid. Loading of assembly skipped.
Assembly Unity.Settings.Tests.dll at Library/ScriptAssemblies/Unity.Settings.Tests.dll not valid. Loading of assembly skipped.
Assembly Unity.ShaderGraph.Editor.Tests.dll at Library/ScriptAssemblies/Unity.ShaderGraph.Editor.Tests.dll not valid. Loading of assembly skipped.
Assembly Unity.TextMeshPro.Editor.Tests.dll at Library/ScriptAssemblies/Unity.TextMeshPro.Editor.Tests.dll not valid. Loading of assembly skipped.
Assembly Unity.TextMeshPro.Tests.dll at Library/ScriptAssemblies/Unity.TextMeshPro.Tests.dll not valid. Loading of assembly skipped.
Assembly Unity.UnifiedRayTracing.Editor.Tests.dll at Library/ScriptAssemblies/Unity.UnifiedRayTracing.Editor.Tests.dll not valid. Loading of assembly skipped.
Assembly UnityEditor.UI.Common.Tests.dll at Library/ScriptAssemblies/UnityEditor.UI.Common.Tests.dll not valid. Loading of assembly skipped.
Assembly UnityEditor.UI.EditorTests.dll at Library/ScriptAssemblies/UnityEditor.UI.EditorTests.dll not valid. Loading of assembly skipped.
Assembly UnityEngine.UI.Tests.dll at Library/ScriptAssemblies/UnityEngine.UI.Tests.dll not valid. Loading of assembly skipped.
Native extension for WindowsStandalone target not found
Native extension for WebGL target not found
[Package Manager] Failed to launch server process. Reason: Unity was launched with the -noUpm command-line argument
[Package Manager] Unable to send message (not connected to server process).
[Package Manager] Cannot connect to Unity Package Manager local server
[MODES] ModeService[none].Initialize
[MODES] ModeService[none].LoadModes
ScheduleIndexationOnStartup MainProcess:False IndexOnStartup:True
Mono: successfully reloaded assembly
- Finished resetting the current domain, in  0.812 seconds
Domain Reload Profiling: 1899ms
	BeginReloadAssembly (293ms)
		DisableScriptedObjects (6ms)
		CreateAndSetChildDomain (41ms)
	RebuildCommonClasses (50ms)
	RebuildNativeTypeToScriptingClass (17ms)
	initialDomainReloadingComplete (309ms)
	LoadAllAssembliesAndSetupDomain (418ms)
		LoadAssemblies (442ms)
		AnalyzeDomain (143ms)
			TypeCache.Refresh (6ms)
			BuildScriptInfoCaches (128ms)
			ResolveRequiredComponents (6ms)
	FinalizeReload (812ms)
		SetupLoadedEditorAssemblies (0ms)
			InitializePlatformSupportModulesInManaged (4ms)
			BeforeProcessingInitializeOnLoad (210ms)
			ProcessInitializeOnLoadAttributes (198ms)
			ProcessInitializeOnLoadMethodAttributes (160ms)
			AfterProcessingInitializeOnLoad (37ms)
		AwakeInstancesAfterBackupRestoration (9ms)
Unloading 50 Unused Serialized files (Serialized files now loaded: 0)
Unloading 3182 unused Assets / (6.7 MB). Loaded Objects now: 3842.
Memory consumption went from 116.7 MB to 110.0 MB.
Total: 10.571100 ms (FindLiveObjects: 0.534900 ms CreateObjectMapping: 0.192000 ms MarkObjects: 6.226500 ms  DeleteObjects: 3.615700 ms)

Prepare: number of updated asset objects reloaded= 0
========================================================================
Received Prepare
Begin MonoManager ReloadAssembly
[Licensing::Client] Successfully resolved entitlement details
Assembly Assembly-CSharp-Editor-firstpass.dll at Library/ScriptAssemblies/Assembly-CSharp-Editor-firstpass.dll not valid. Loading of assembly skipped.
Assembly Assembly-CSharp-Editor.dll at Library/ScriptAssemblies/Assembly-CSharp-Editor.dll not valid. Loading of assembly skipped.
Assembly Assembly-CSharp-firstpass.dll at Library/ScriptAssemblies/Assembly-CSharp-firstpass.dll not valid. Loading of assembly skipped.
Assembly TestNewCustomAssembly.dll at Library/ScriptAssemblies/TestNewCustomAssembly.dll not valid. Loading of assembly skipped.
Assembly Unity.Collections.BurstCompatibilityGen.dll at Library/ScriptAssemblies/Unity.Collections.BurstCompatibilityGen.dll not valid. Loading of assembly skipped.
Assembly Unity.Collections.DocCodeSamples.dll at Library/ScriptAssemblies/Unity.Collections.DocCodeSamples.dll not valid. Loading of assembly skipped.
Assembly Unity.Collections.PerformanceTests.dll at Library/ScriptAssemblies/Unity.Collections.PerformanceTests.dll not valid. Loading of assembly skipped.
Assembly Unity.Collections.Tests.dll at Library/ScriptAssemblies/Unity.Collections.Tests.dll not valid. Loading of assembly skipped.
Assembly Unity.Collections.Tests.Playmode.dll at Library/ScriptAssemblies/Unity.Collections.Tests.Playmode.dll not valid. Loading of assembly skipped.
Assembly Unity.Mathematics.Tests.dll at Library/ScriptAssemblies/Unity.Mathematics.Tests.dll not valid. Loading of assembly skipped.
Assembly Unity.Multiplayer.Center.Editor.Tests.dll at Library/ScriptAssemblies/Unity.Multiplayer.Center.Editor.Tests.dll not valid. Loading of assembly skipped.
Assembly Unity.Multiplayer.Center.Tests.dll at Library/ScriptAssemblies/Unity.Multiplayer.Center.Tests.dll not valid. Loading of assembly skipped.
Assembly Unity.Nuget.Mono-Cecil.dll at Library/ScriptAssemblies/Unity.Nuget.Mono-Cecil.dll not valid. Loading of assembly skipped.
Assembly Unity.PathTracing.Editor.Tests.dll at Library/ScriptAssemblies/Unity.PathTracing.Editor.Tests.dll not valid. Loading of assembly skipped.
Assembly Unity.PathTracing.Runtime.Tests.dll at Library/ScriptAssemblies/Unity.PathTracing.Runtime.Tests.dll not valid. Loading of assembly skipped.
Assembly Unity.RenderPipelines.Core.Editor.Tests.dll at Library/ScriptAssemblies/Unity.RenderPipelines.Core.Editor.Tests.dll not valid. Loading of assembly skipped.
Assembly Unity.RenderPipelines.Core.Runtime.Tests.dll at Library/ScriptAssemblies/Unity.RenderPipelines.Core.Runtime.Tests.dll not valid. Loading of assembly skipped.
Assembly Unity.Searcher.EditorTests.dll at Library/ScriptAssemblies/Unity.Searcher.EditorTests.dll not valid. Loading of assembly skipped.
Assembly Unity.Settings.Tests.dll at Library/ScriptAssemblies/Unity.Settings.Tests.dll not valid. Loading of assembly skipped.
Assembly Unity.ShaderGraph.Editor.Tests.dll at Library/ScriptAssemblies/Unity.ShaderGraph.Editor.Tests.dll not valid. Loading of assembly skipped.
Assembly Unity.TextMeshPro.Editor.Tests.dll at Library/ScriptAssemblies/Unity.TextMeshPro.Editor.Tests.dll not valid. Loading of assembly skipped.
Assembly Unity.TextMeshPro.Tests.dll at Library/ScriptAssemblies/Unity.TextMeshPro.Tests.dll not valid. Loading of assembly skipped.
Assembly Unity.UnifiedRayTracing.Editor.Tests.dll at Library/ScriptAssemblies/Unity.UnifiedRayTracing.Editor.Tests.dll not valid. Loading of assembly skipped.
Assembly UnityEditor.UI.Common.Tests.dll at Library/ScriptAssemblies/UnityEditor.UI.Common.Tests.dll not valid. Loading of assembly skipped.
Assembly UnityEditor.UI.EditorTests.dll at Library/ScriptAssemblies/UnityEditor.UI.EditorTests.dll not valid. Loading of assembly skipped.
Assembly UnityEngine.UI.Tests.dll at Library/ScriptAssemblies/UnityEngine.UI.Tests.dll not valid. Loading of assembly skipped.
Native extension for WindowsStandalone target not found
Native extension for WebGL target not found
[Package Manager] Failed to launch server process. Reason: Unity was launched with the -noUpm command-line argument
[Package Manager] Unable to send message (not connected to server process).
[Package Manager] Cannot connect to Unity Package Manager local server
[MODES] ModeService[none].Initialize
[MODES] ModeService[none].LoadModes
ScheduleIndexationOnStartup MainProcess:False IndexOnStartup:True
Mono: successfully reloaded assembly
- Finished resetting the current domain, in  0.834 seconds
Domain Reload Profiling: 1732ms
	BeginReloadAssembly (296ms)
		DisableScriptedObjects (7ms)
		CreateAndSetChildDomain (33ms)
	RebuildCommonClasses (53ms)
	RebuildNativeTypeToScriptingClass (18ms)
	initialDomainReloadingComplete (116ms)
	LoadAllAssembliesAndSetupDomain (415ms)
		LoadAssemblies (453ms)
		AnalyzeDomain (142ms)
			TypeCache.Refresh (6ms)
			BuildScriptInfoCaches (127ms)
			ResolveRequiredComponents (6ms)
	FinalizeReload (834ms)
		SetupLoadedEditorAssemblies (0ms)
			InitializePlatformSupportModulesInManaged (4ms)
			BeforeProcessingInitializeOnLoad (210ms)
			ProcessInitializeOnLoadAttributes (202ms)
			ProcessInitializeOnLoadMethodAttributes (164ms)
			AfterProcessingInitializeOnLoad (36ms)
		AwakeInstancesAfterBackupRestoration (10ms)
Unloading 50 Unused Serialized files (Serialized files now loaded: 0)
Unloading 3182 unused Assets / (6.6 MB). Loaded Objects now: 3844.
Memory consumption went from 117.8 MB to 111.2 MB.
Total: 11.406800 ms (FindLiveObjects: 0.526200 ms CreateObjectMapping: 0.188200 ms MarkObjects: 7.109500 ms  DeleteObjects: 3.581400 ms)

Prepare: number of updated asset objects reloaded= 0
