[Licensing::Module] Trying to connect to existing licensing client channel...
Built from '6000.4/staging' branch; Version is '6000.4.0f1 (8cf496087c8f) revision 9237654'; Using compiler version '194234433'; Build Type 'Release'
OS: 'Windows 11  (10.0.26200) Professional' Language: 'en' Physical Memory: 16307 MB
BatchMode: 1, IsHumanControllingUs: 0, StartBugReporterOnCrash: 0, Is64bit: 1
[Licensing::IpcConnector] Successfully connected to: "LicenseClient-Marius" at "2026-05-29T03:36:40.9968931Z"
System  architecture: x64
Process architecture: x64
Date: 2026-05-29T03:36:40Z

COMMAND LINE ARGUMENTS:
C:\Program Files\Unity\Hub\Editor\6000.4.0f1\Editor\Unity.exe
-adb2
-batchMode
-noUpm
-name
AssetImportWorker3
-projectPath
D:/School/QUT/IGB388/IGB101-Assignment-3
-logFile
Logs/AssetImportWorker3.log
-srvPort
51738
-licensingIpc
LicenseClient-Marius
-force-d3d12
-job-worker-count
5
-background-job-worker-count
8
-gc-helper-count
1
-name
AssetImport
Successfully changed project path to: D:/School/QUT/IGB388/IGB101-Assignment-3
D:/School/QUT/IGB388/IGB101-Assignment-3
[UnityMemory] Configuration Parameters - Can be set up in boot.config
    "memorysetup-temp-allocator-size-gi-baking-worker=262144"
    "memorysetup-temp-allocator-size-gi-baking-worker=262144"
    "memorysetup-temp-allocator-size-gi-baking-worker=262144"
    "memorysetup-temp-allocator-size-gi-baking-worker=262144"
    "memorysetup-temp-allocator-size-gi-baking-worker=262144"
    "memorysetup-temp-allocator-size-nav-mesh-worker=65536"
    "memorysetup-temp-allocator-size-audio-worker=65536"
    "memorysetup-temp-allocator-size-cloud-worker=32768"
    "memorysetup-temp-allocator-size-gfx=262144"
    "memorysetup-temp-allocator-size-preload-manager=33554432"
    "memorysetup-temp-allocator-size-job-worker=262144"
    "memorysetup-temp-allocator-size-background-worker=32768"
    "memorysetup-allocator-temp-initial-block-size-main=262144"
    "memorysetup-allocator-temp-initial-block-size-worker=262144"
    "memorysetup-bucket-allocator-granularity=16"
    "memorysetup-bucket-allocator-bucket-count=8"
    "memorysetup-bucket-allocator-block-size=33554432"
    "memorysetup-bucket-allocator-block-count=8"
    "memorysetup-main-allocator-block-size=16777216"
    "memorysetup-thread-allocator-block-size=16777216"
    "memorysetup-gfx-main-allocator-block-size=16777216"
    "memorysetup-gfx-thread-allocator-block-size=16777216"
    "memorysetup-cache-allocator-block-size=4194304"
    "memorysetup-typetree-allocator-block-size=2097152"
    "memorysetup-profiler-bucket-allocator-granularity=16"
    "memorysetup-profiler-bucket-allocator-bucket-count=8"
    "memorysetup-profiler-bucket-allocator-block-size=33554432"
    "memorysetup-profiler-bucket-allocator-block-count=8"
    "memorysetup-profiler-allocator-block-size=16777216"
    "memorysetup-profiler-editor-allocator-block-size=1048576"
    "memorysetup-temp-allocator-size-main=16777216"
    "memorysetup-job-temp-allocator-block-size=2097152"
    "memorysetup-job-temp-allocator-block-size-background=1048576"
    "memorysetup-job-temp-allocator-reduction-small-platforms=262144"
Player connection [22568]  Target information:

Player connection [22568]  * "[IP] 10.0.0.41 [Port] 0 [Flags] 2 [Guid] 3903690399 [EditorId] 3903690399 [Version] 1048832 [Id] WindowsEditor(7,DESKTOP-10BTGBN) [Debug] 1 [PackageName] WindowsEditor [ProjectName] Editor" 

Player connection [22568] Host joined multi-casting on [225.0.0.222:54997]...
Player connection [22568] Host joined alternative multi-casting on [225.0.0.222:34997]...
JobSystem: Creating JobQueue using job-worker-count value 5
Input System module state changed to: Initialized.
[Physics::Module] Initialized fallback backend.
[Physics::Module] Id: 0xdecafbad
Library Redirect Path: Library/
[Physics::Module] Selected backend.
[Physics::Module] Name: PhysX
[Physics::Module] Id: 0xf2b8ea05
[Physics::Module] SDK Version: 4.1.2
[Physics::Module] Integration Version: 1.0.0
[Physics::Module] Threading Mode: Multi-Threaded
Initialize engine version: 6000.4.0f1 (8cf496087c8f)
[Subsystems] Discovering subsystems at path C:/Program Files/Unity/Hub/Editor/6000.4.0f1/Editor/Data/Resources/UnitySubsystems
[Subsystems] Discovering subsystems at path D:/School/QUT/IGB388/IGB101-Assignment-3/Assets
Forcing GfxDevice: Direct3D 12
GfxDevice: creating device client; kGfxThreadingModeNonThreaded
d3d12: failed to query info queue interface (0x80004002).
Direct3D:
    Version:         Direct3D 12 [level 12.2]
    Renderer:        AMD Radeon RX 6650 XT (ID=0x73ef)
    Vendor:          ATI
    VRAM:            8147 MB
    App VRAM Budget: 7379 MB
    Driver:          32.0.21043.10005
Initialize mono
Mono path[0] = 'C:/Program Files/Unity/Hub/Editor/6000.4.0f1/Editor/Data/Managed'
Mono path[1] = 'C:/Program Files/Unity/Hub/Editor/6000.4.0f1/Editor/Data/MonoBleedingEdge/lib/mono/unityjit-win32'
Mono config path = 'C:/Program Files/Unity/Hub/Editor/6000.4.0f1/Editor/Data/MonoBleedingEdge/etc'
Using monoOptions --debugger-agent=transport=dt_socket,embedding=1,server=y,suspend=n,address=127.0.0.1:56636
CodeReloadManager initialized
Begin MonoManager ReloadAssembly
Registering precompiled unity dll's ...
Register platform support module: C:/Program Files/Unity/Hub/Editor/6000.4.0f1/Editor/Data/PlaybackEngines/WebGLSupport/UnityEditor.WebGL.Extensions.dll
Register platform support module: C:/Program Files/Unity/Hub/Editor/6000.4.0f1/Editor/Data/PlaybackEngines/WindowsStandaloneSupport/UnityEditor.WindowsStandalone.Extensions.dll
Registered in 0.007548 seconds.
Native extension for WindowsStandalone target not found
Native extension for WebGL target not found
Package Manager log level set to [2]
[Package Manager] Failed to launch server process. Reason: Unity was launched with the -noUpm command-line argument
[Package Manager] Unable to send message (not connected to server process).
[Package Manager] Cannot connect to Unity Package Manager local server
ScheduleIndexationOnStartup MainProcess:False IndexOnStartup:True
Mono: successfully reloaded assembly
- Finished resetting the current domain, in  0.464 seconds
Domain Reload Profiling: 1202ms
	BeginReloadAssembly (261ms)
	RebuildCommonClasses (56ms)
	RebuildNativeTypeToScriptingClass (16ms)
	initialDomainReloadingComplete (126ms)
	LoadAllAssembliesAndSetupDomain (276ms)
		LoadAssemblies (236ms)
		AnalyzeDomain (266ms)
			TypeCache.Refresh (264ms)
				TypeCache.ScanAssembly (247ms)
	FinalizeReload (466ms)
		SetupLoadedEditorAssemblies (0ms)
			InitializePlatformSupportModulesInManaged (61ms)
			BeforeProcessingInitializeOnLoad (102ms)
			ProcessInitializeOnLoadAttributes (134ms)
			ProcessInitializeOnLoadMethodAttributes (94ms)
========================================================================
Worker process is ready to serve import requests
Import Worker Mode flag is 0x00
Begin MonoManager ReloadAssembly
[Licensing::Module] Licensing is not yet initialized.
[Licensing::Client] Error: HandshakeResponse reported an error:
	ResponseCode: 505
	ResponseStatus: Unsupported protocol version '1.18.1'.
[Licensing::Module] Error: Failed to handshake to channel: "LicenseClient-Marius"
[Licensing::IpcConnector] LicenseClient-Marius channel disconnected successfully.
[Licensing::IpcConnector] Successfully connected to: "LicenseClient-Marius-6000.4.0" at "2026-05-29T03:36:43.6994766Z"
[Licensing::Client] Handshaking with LicensingClient:
  Version:                 1.18.1+9fbee8e
  Session Id:              e852fa944b0e4078b74316556f8ec1a6
  Correlation Id:          0c4333c15bd5d5aaf70c5b4a01a27baf
  External correlation Id: 6718965341750897773
  Machine Id:              y/MvuSKsyWDfieVo3Lj/6Sp878E=
[Licensing::Module] Successfully connected to LicensingClient on channel: "LicenseClient-Marius-6000.4.0" (connect: 0.00s, validation: 0.00s, handshake: 2.29s)
[Licensing::IpcConnector] Successfully connected to: "LicenseClient-Marius-6000.4.0-notifications" at "2026-05-29T03:36:45.9942167Z"
[Licensing::Module] Licensing Background thread has ended after 5.00s
[Licensing::Module] Licensing is initialized (took 2.33s).
[Licensing::Client] Successfully resolved entitlement details
[Licensing::Module] License group:
  Id: 16768057548538-UnityPersXXXX
  Product: Unity Personal
  Type: Assigned
  Expiration: Unlimited
Assembly Assembly-CSharp-Editor-firstpass.dll at Library/ScriptAssemblies/Assembly-CSharp-Editor-firstpass.dll not valid. Loading of assembly skipped.
Assembly Assembly-CSharp-Editor.dll at Library/ScriptAssemblies/Assembly-CSharp-Editor.dll not valid. Loading of assembly skipped.
Assembly Assembly-CSharp-firstpass.dll at Library/ScriptAssemblies/Assembly-CSharp-firstpass.dll not valid. Loading of assembly skipped.
Assembly Assembly-CSharp.dll at Library/ScriptAssemblies/Assembly-CSharp.dll not valid. Loading of assembly skipped.
Assembly Unity.Multiplayer.Center.Editor.Tests.dll at Library/ScriptAssemblies/Unity.Multiplayer.Center.Editor.Tests.dll not valid. Loading of assembly skipped.
Assembly Unity.Multiplayer.Center.Tests.dll at Library/ScriptAssemblies/Unity.Multiplayer.Center.Tests.dll not valid. Loading of assembly skipped.
Native extension for WindowsStandalone target not found
Native extension for WebGL target not found
[Package Manager] Failed to launch server process. Reason: Unity was launched with the -noUpm command-line argument
[Package Manager] Unable to send message (not connected to server process).
[Package Manager] Cannot connect to Unity Package Manager local server
ScheduleIndexationOnStartup MainProcess:False IndexOnStartup:True
Mono: successfully reloaded assembly
- Finished resetting the current domain, in  0.411 seconds
Domain Reload Profiling: 3173ms
	BeginReloadAssembly (2580ms)
		DisableScriptedObjects (8ms)
		CreateAndSetChildDomain (27ms)
	RebuildCommonClasses (47ms)
	RebuildNativeTypeToScriptingClass (16ms)
	initialDomainReloadingComplete (98ms)
	LoadAllAssembliesAndSetupDomain (19ms)
		LoadAssemblies (157ms)
		AnalyzeDomain (9ms)
			TypeCache.Refresh (7ms)
	FinalizeReload (413ms)
		SetupLoadedEditorAssemblies (0ms)
			InitializePlatformSupportModulesInManaged (3ms)
			BeforeProcessingInitializeOnLoad (122ms)
			ProcessInitializeOnLoadAttributes (93ms)
			ProcessInitializeOnLoadMethodAttributes (43ms)
			AfterProcessingInitializeOnLoad (23ms)
		AwakeInstancesAfterBackupRestoration (6ms)
Launched and connected shader compiler UnityShaderCompiler.exe after 0.02 seconds
Unloading 0 Unused Serialized files (Serialized files now loaded: 0)
Unloading 103 unused Assets / (32.4 KB). Loaded Objects now: 720.
Memory consumption went from 68.6 MB to 68.6 MB.
Total: 4.236200 ms (FindLiveObjects: 0.058400 ms CreateObjectMapping: 0.009400 ms MarkObjects: 4.064000 ms  DeleteObjects: 0.102500 ms)

========================================================================
Received Import Request.
  Time since last request: 17498.016732 seconds.
  path: Assets/Marius N11608412/Settings/Mobile_Renderer.asset
  importAddress: Guid(65bc7dbf4170f435aa868c779acfb082) Importer(815301076,1909f56bfc062723c751e8b465ee728b)
Start importing Assets/Marius N11608412/Settings/Mobile_Renderer.asset using Guid(65bc7dbf4170f435aa868c779acfb082) Importer(815301076,1909f56bfc062723c751e8b465ee728b) (PreviewImporter) -> (Import Result ID: '404c6e4236f4f20ee6c17c95747590a5') in 0.102713 seconds [static and dynamic dependencies]. Details - ImportResultOutputID=28dfab2296abdd85d7d832787f6a66f0 DependenciesID=567236bff7d7e70287de6cc30287248d StaticDependenciesID=637f5a32bd9718168a0ed7248e30e5a6 
Number of updated asset objects reloaded before import = 0Number of asset objects unloaded after import = 1

========================================================================
Received Import Request.
  Time since last request: 0.000018 seconds.
  path: Assets/Marius N11608412/Settings/UniversalRenderPipelineGlobalSettings.asset
  importAddress: Guid(18dc0cd2c080841dea60987a38ce93fa) Importer(815301076,1909f56bfc062723c751e8b465ee728b)
Start importing Assets/Marius N11608412/Settings/UniversalRenderPipelineGlobalSettings.asset using Guid(18dc0cd2c080841dea60987a38ce93fa) Importer(815301076,1909f56bfc062723c751e8b465ee728b) (PreviewImporter) -> (Import Result ID: '9f1b3f80dedf515f8b26ae7081a77fe1') in 0.0050683 seconds [static and dynamic dependencies]. Details - ImportResultOutputID=604ab88733cd33bb3c3aab827b2049b6 DependenciesID=0411a20992d0a2046abdc94c4d9b73e9 StaticDependenciesID=f26197d095ceb4cd9a8f7ba210ffc56d 
Number of updated asset objects reloaded before import = 0Number of asset objects unloaded after import = 1

========================================================================
Received Import Request.
  Time since last request: 0.000030 seconds.
  path: Assets/Marius N11608412/Settings/PC_RPAsset.asset
  importAddress: Guid(4b83569d67af61e458304325a23e5dfd) Importer(815301076,1909f56bfc062723c751e8b465ee728b)
Start importing Assets/Marius N11608412/Settings/PC_RPAsset.asset using Guid(4b83569d67af61e458304325a23e5dfd) Importer(815301076,1909f56bfc062723c751e8b465ee728b) (PreviewImporter) -> (Import Result ID: 'b4c32129d0bb9cf38c94e59819d5024a') in 0.0015251 seconds [static and dynamic dependencies]. Details - ImportResultOutputID=9a59067ea534325d44c5e3c476e23968 DependenciesID=70d1de065ed23d31f11fc1febf298b56 StaticDependenciesID=acc8845931bb9f59a7bbe2886964e685 
Number of updated asset objects reloaded before import = 0Number of asset objects unloaded after import = 1

========================================================================
Received Import Request.
  Time since last request: 26.481457 seconds.
  path: Assets/Marius N11608412/Materials and Textures/Fire.mat
  importAddress: Guid(59db5501a75a8614b987d96320bc6d5f) Importer(815301076,1909f56bfc062723c751e8b465ee728b)
Start importing Assets/Marius N11608412/Materials and Textures/Fire.mat using Guid(59db5501a75a8614b987d96320bc6d5f) Importer(815301076,1909f56bfc062723c751e8b465ee728b) (PreviewImporter) -> (Import Result ID: 'f4f56fb7ba38a401a2b6c091beda206e') in 0.14934 seconds [static and dynamic dependencies]. Details - ImportResultOutputID=7193bccd92aee0a7a0ed4a0d34d5a889 DependenciesID=52addf7e05dac7aeb84612f3e5998cdd StaticDependenciesID=438f16ebe677c04f4e54f142b9ce8351 
Number of updated asset objects reloaded before import = 0Number of asset objects unloaded after import = 2

========================================================================
Received Import Request.
  Time since last request: 0.000026 seconds.
  path: Assets/Marius N11608412/Materials and Textures/New Material.mat
  importAddress: Guid(c89452939738aca48bf43018d70f3302) Importer(815301076,1909f56bfc062723c751e8b465ee728b)
Start importing Assets/Marius N11608412/Materials and Textures/New Material.mat using Guid(c89452939738aca48bf43018d70f3302) Importer(815301076,1909f56bfc062723c751e8b465ee728b) (PreviewImporter) -> (Import Result ID: '926de1b36b7344856c0861bdbed2dea5') in 0.011692 seconds [static and dynamic dependencies]. Details - ImportResultOutputID=70b5563844d4918ec018c99cf99d2641 DependenciesID=d4f0ca7792c79ae07493a69243fc5321 StaticDependenciesID=c280c5a4dcad26c9df7bc994bcab4119 
Number of updated asset objects reloaded before import = 0Number of asset objects unloaded after import = 1

========================================================================
Received Import Request.
  Time since last request: 0.000029 seconds.
  path: Assets/Marius N11608412/Materials and Textures/Fireball.psd
  importAddress: Guid(1e044ec8fa68b164386185b862b2d0a1) Importer(815301076,1909f56bfc062723c751e8b465ee728b)
Start importing Assets/Marius N11608412/Materials and Textures/Fireball.psd using Guid(1e044ec8fa68b164386185b862b2d0a1) Importer(815301076,1909f56bfc062723c751e8b465ee728b) (PreviewImporter) -> (Import Result ID: '8b628045c0d09c7e57e62d098af099ff') in 0.0286504 seconds [static and dynamic dependencies]. Details - ImportResultOutputID=d3043fd422b8fb66f3c7928df2f1c474 DependenciesID=3b42c641736111b222a43d9f16248cae StaticDependenciesID=a949ed7cf51df2917094acedf5226312 
Number of updated asset objects reloaded before import = 0Number of asset objects unloaded after import = 2

========================================================================
Received Import Request.
  Time since last request: 69.013782 seconds.
  path: Assets/Marius N11608412/Materials and Textures/Walls And Floors/Models/Stone/Corner-Stone-Model-02.fbx
  importAddress: Guid(08d12cc52cf95df4aad9e9ec0dc4c95b) Importer(815301076,1909f56bfc062723c751e8b465ee728b)
Start importing Assets/Marius N11608412/Materials and Textures/Walls And Floors/Models/Stone/Corner-Stone-Model-02.fbx using Guid(08d12cc52cf95df4aad9e9ec0dc4c95b) Importer(815301076,1909f56bfc062723c751e8b465ee728b) (PreviewImporter) -> (Import Result ID: '30f20e6579419ec083364223b9cafc70') in 0.4077267 seconds [static and dynamic dependencies]. Details - ImportResultOutputID=5306f78513808f98defe4400d638adc1 DependenciesID=66bf069b240e5dacf9d8830bb6f4d582 StaticDependenciesID=944f33b2d36ad5e70b23f303a605562a 
Number of updated asset objects reloaded before import = 0Number of asset objects unloaded after import = 9

========================================================================
Received Import Request.
  Time since last request: 0.000024 seconds.
  path: Assets/Marius N11608412/Materials and Textures/Walls And Floors/Models/Stone/Wall-Stone-Model-04.fbx
  importAddress: Guid(f631627b7ea6bd94b84ea500530c87bd) Importer(815301076,1909f56bfc062723c751e8b465ee728b)
Start importing Assets/Marius N11608412/Materials and Textures/Walls And Floors/Models/Stone/Wall-Stone-Model-04.fbx using Guid(f631627b7ea6bd94b84ea500530c87bd) Importer(815301076,1909f56bfc062723c751e8b465ee728b) (PreviewImporter) -> (Import Result ID: 'f2d4d5bdbe4e78c2aea2fd1b312745ce') in 0.0541683 seconds [static and dynamic dependencies]. Details - ImportResultOutputID=be25ca61015f799fad67a155e71bb46e DependenciesID=75a658ba0d7ae5fe45c8eae2a7f0aba3 StaticDependenciesID=3a0929529645755577d4b230c583f621 
Number of updated asset objects reloaded before import = 0Number of asset objects unloaded after import = 9

========================================================================
Received Import Request.
  Time since last request: 0.000030 seconds.
  path: Assets/Marius N11608412/Materials and Textures/Walls And Floors/Models/Stone/Door-Stone-Model-03.fbx
  importAddress: Guid(7ba2e918d3548e74d85b1d3d3d6ac1a8) Importer(815301076,1909f56bfc062723c751e8b465ee728b)
Start importing Assets/Marius N11608412/Materials and Textures/Walls And Floors/Models/Stone/Door-Stone-Model-03.fbx using Guid(7ba2e918d3548e74d85b1d3d3d6ac1a8) Importer(815301076,1909f56bfc062723c751e8b465ee728b) (PreviewImporter) -> (Import Result ID: 'd91cfed926f22a88328395007b74c141') in 0.0416149 seconds [static and dynamic dependencies]. Details - ImportResultOutputID=6a7b0932a8b64528f091174c99a49bfa DependenciesID=2e944077dede1227704740e055f7c7fd StaticDependenciesID=7c6eb0db33fc3f7097978ab42b94a307 
Number of updated asset objects reloaded before import = 0Number of asset objects unloaded after import = 9

========================================================================
Received Import Request.
  Time since last request: 0.000019 seconds.
  path: Assets/Marius N11608412/Materials and Textures/Walls And Floors/Models/Stone/Floor-Stone-Model-02.fbx
  importAddress: Guid(64cabf81a7e08cf4bb69fb6cb5a29f68) Importer(815301076,1909f56bfc062723c751e8b465ee728b)
Start importing Assets/Marius N11608412/Materials and Textures/Walls And Floors/Models/Stone/Floor-Stone-Model-02.fbx using Guid(64cabf81a7e08cf4bb69fb6cb5a29f68) Importer(815301076,1909f56bfc062723c751e8b465ee728b) (PreviewImporter) -> (Import Result ID: '681b71e5a59f7d3a2ac4dcba99c13307') in 0.0372518 seconds [static and dynamic dependencies]. Details - ImportResultOutputID=65c4512d74449694ea6d23a8fde509ca DependenciesID=b13d570ff60593e4ce5ebe8397b78201 StaticDependenciesID=d922ba3a4e1fdbfd7becf4c50b42e4ee 
Number of updated asset objects reloaded before import = 0Number of asset objects unloaded after import = 9

========================================================================
Received Import Request.
  Time since last request: 0.000018 seconds.
  path: Assets/Marius N11608412/Materials and Textures/Walls And Floors/Models/Stone/Wall-Stone-Model-06.fbx
  importAddress: Guid(6e47fb2c4bc7154499c144b3e215870d) Importer(815301076,1909f56bfc062723c751e8b465ee728b)
Start importing Assets/Marius N11608412/Materials and Textures/Walls And Floors/Models/Stone/Wall-Stone-Model-06.fbx using Guid(6e47fb2c4bc7154499c144b3e215870d) Importer(815301076,1909f56bfc062723c751e8b465ee728b) (PreviewImporter) -> (Import Result ID: '842a5cd08cf39f3e433376175e59878e') in 0.0587685 seconds [static and dynamic dependencies]. Details - ImportResultOutputID=45a6aee1114280fae0b612a42a788ba9 DependenciesID=108719bfd5c06ea82c3b8f637ad4507c StaticDependenciesID=7660dfeef2bc56e83808840ac9557466 
Number of updated asset objects reloaded before import = 0Number of asset objects unloaded after import = 9

========================================================================
Received Import Request.
  Time since last request: 0.000023 seconds.
  path: Assets/Marius N11608412/Materials and Textures/Walls And Floors/Models/Stone/Floor-Stone-Model-04.fbx
  importAddress: Guid(d99d74b25e1ef324ba487ba59ad07cdd) Importer(815301076,1909f56bfc062723c751e8b465ee728b)
Start importing Assets/Marius N11608412/Materials and Textures/Walls And Floors/Models/Stone/Floor-Stone-Model-04.fbx using Guid(d99d74b25e1ef324ba487ba59ad07cdd) Importer(815301076,1909f56bfc062723c751e8b465ee728b) (PreviewImporter) -> (Import Result ID: '1da491159f3b7a1678a5609666d87c06') in 0.0274647 seconds [static and dynamic dependencies]. Details - ImportResultOutputID=e8f5c6b9aa2095da687c86b3a9b3e000 DependenciesID=60c97c2787797b90f599c08625b07e75 StaticDependenciesID=db05fbd084cc7f8f7a2aa6e0ba20fb52 
Number of updated asset objects reloaded before import = 0Number of asset objects unloaded after import = 9

========================================================================
Received Import Request.
  Time since last request: 0.000023 seconds.
  path: Assets/Marius N11608412/Materials and Textures/Walls And Floors/Models/Stone/Wall-Stone-Model-12.fbx
  importAddress: Guid(5c200c38000f07048916f11d852df3d7) Importer(815301076,1909f56bfc062723c751e8b465ee728b)
Start importing Assets/Marius N11608412/Materials and Textures/Walls And Floors/Models/Stone/Wall-Stone-Model-12.fbx using Guid(5c200c38000f07048916f11d852df3d7) Importer(815301076,1909f56bfc062723c751e8b465ee728b) (PreviewImporter) -> (Import Result ID: 'd84c9ff69330d77ae2add184560da9b2') in 0.0691957 seconds [static and dynamic dependencies]. Details - ImportResultOutputID=4ca615a32fabc2844f555dcf6d54cc6e DependenciesID=207113e93612262616923a6677911207 StaticDependenciesID=38f74e455dd9617f5bd3e9100dc4a622 
Number of updated asset objects reloaded before import = 0Number of asset objects unloaded after import = 9

========================================================================
Received Import Request.
  Time since last request: 0.000018 seconds.
  path: Assets/Marius N11608412/Materials and Textures/Walls And Floors/Models/Stone/Door-Stone-Model-02.fbx
  importAddress: Guid(81ecf8888cf4a7d49b85a85bf47cbc1b) Importer(815301076,1909f56bfc062723c751e8b465ee728b)
Start importing Assets/Marius N11608412/Materials and Textures/Walls And Floors/Models/Stone/Door-Stone-Model-02.fbx using Guid(81ecf8888cf4a7d49b85a85bf47cbc1b) Importer(815301076,1909f56bfc062723c751e8b465ee728b) (PreviewImporter) -> (Import Result ID: '581430d7f85f9193093ba14584892449') in 0.0338702 seconds [static and dynamic dependencies]. Details - ImportResultOutputID=1b826af99a964e5da28fac419e2acac0 DependenciesID=d1075518940a9d309235b41a211b0233 StaticDependenciesID=1b8bb4ac7970a4c30ae6bf8c1879b9b1 
Number of updated asset objects reloaded before import = 0Number of asset objects unloaded after import = 9

========================================================================
Received Import Request.
  Time since last request: 0.000033 seconds.
  path: Assets/Marius N11608412/Materials and Textures/Walls And Floors/Models/Stone/Wall-Stone-Model-07.fbx
  importAddress: Guid(145a3c9f161ea3e4cb5a0e3a7b878e9e) Importer(815301076,1909f56bfc062723c751e8b465ee728b)
Start importing Assets/Marius N11608412/Materials and Textures/Walls And Floors/Models/Stone/Wall-Stone-Model-07.fbx using Guid(145a3c9f161ea3e4cb5a0e3a7b878e9e) Importer(815301076,1909f56bfc062723c751e8b465ee728b) (PreviewImporter) -> (Import Result ID: 'd557ced328b2d570e825951c90cddb53') in 0.0695761 seconds [static and dynamic dependencies]. Details - ImportResultOutputID=26f6cb7b39e5b6597b21e2825398a035 DependenciesID=68fca4f0668e66c5b34362ecd7fdb5ed StaticDependenciesID=eedeb0d94c0a957bc2815a730b67ad20 
Number of updated asset objects reloaded before import = 0Number of asset objects unloaded after import = 9

========================================================================
Received Import Request.
  Time since last request: 0.000017 seconds.
  path: Assets/Marius N11608412/Materials and Textures/Walls And Floors/Models/Stone/Corner-Stone-Model-04.fbx
  importAddress: Guid(cd2ecb50216bef6438267172d464d5ab) Importer(815301076,1909f56bfc062723c751e8b465ee728b)
Start importing Assets/Marius N11608412/Materials and Textures/Walls And Floors/Models/Stone/Corner-Stone-Model-04.fbx using Guid(cd2ecb50216bef6438267172d464d5ab) Importer(815301076,1909f56bfc062723c751e8b465ee728b) (PreviewImporter) -> (Import Result ID: '775c35ab56dba3731f5176d5ec086eac') in 0.183573 seconds [static and dynamic dependencies]. Details - ImportResultOutputID=d0760b1f38cb2cb702cf91b817d8cc9a DependenciesID=3849d689a45ee857b73737f3136d6378 StaticDependenciesID=7156e6ec0e686e2521e2e047318e3e8e 
Number of updated asset objects reloaded before import = 0Number of asset objects unloaded after import = 9

========================================================================
Received Import Request.
  Time since last request: 0.000024 seconds.
  path: Assets/Marius N11608412/Materials and Textures/Walls And Floors/Models/Stone/Door-Stone-Model-01.fbx
  importAddress: Guid(95376650c5dd3504690211d997e35f69) Importer(815301076,1909f56bfc062723c751e8b465ee728b)
Start importing Assets/Marius N11608412/Materials and Textures/Walls And Floors/Models/Stone/Door-Stone-Model-01.fbx using Guid(95376650c5dd3504690211d997e35f69) Importer(815301076,1909f56bfc062723c751e8b465ee728b) (PreviewImporter) -> (Import Result ID: 'c1354ba23da2d0f7faecba9e85dc4799') in 0.0439202 seconds [static and dynamic dependencies]. Details - ImportResultOutputID=a387470632d758da93797e217bf6b844 DependenciesID=e250514177a911bbaf1cc03ddc1f6d37 StaticDependenciesID=1247e2c659a435e29b4d6255bf16b064 
Number of updated asset objects reloaded before import = 0Number of asset objects unloaded after import = 9

========================================================================
Received Import Request.
  Time since last request: 0.000033 seconds.
  path: Assets/Marius N11608412/Materials and Textures/Walls And Floors/Models/Stone/Wall-Stone-Model-02.fbx
  importAddress: Guid(bbc007129f2c6534c9e70e722e90499f) Importer(815301076,1909f56bfc062723c751e8b465ee728b)
Start importing Assets/Marius N11608412/Materials and Textures/Walls And Floors/Models/Stone/Wall-Stone-Model-02.fbx using Guid(bbc007129f2c6534c9e70e722e90499f) Importer(815301076,1909f56bfc062723c751e8b465ee728b) (PreviewImporter) -> (Import Result ID: 'd56bb1a06f427040a313364267122e61') in 0.0563752 seconds [static and dynamic dependencies]. Details - ImportResultOutputID=dd5a223b2be5fad0e3b67eb2c4406f78 DependenciesID=628516eed1df64348348d49eb24d1a1f StaticDependenciesID=ab50bb6354c711f420b2b765da879e44 
Number of updated asset objects reloaded before import = 0Number of asset objects unloaded after import = 9

========================================================================
Received Import Request.
  Time since last request: 0.304228 seconds.
  path: Assets/Marius N11608412/Materials and Textures/Walls And Floors/Models/Stone/materials/Corner-Stone-Model-01.png
  importAddress: Guid(853428089451e744cb46c7d275ad0639) Importer(815301076,1909f56bfc062723c751e8b465ee728b)
Start importing Assets/Marius N11608412/Materials and Textures/Walls And Floors/Models/Stone/materials/Corner-Stone-Model-01.png using Guid(853428089451e744cb46c7d275ad0639) Importer(815301076,1909f56bfc062723c751e8b465ee728b) (PreviewImporter) -> (Import Result ID: 'ceaf65097bc6558787af503a0e4f38ca') in 0.0116956 seconds [static and dynamic dependencies]. Details - ImportResultOutputID=c9e4a6a742d2d9a0360fc6926495fdfb DependenciesID=b8db8c2f4fb4ed0e2c7734172bb7fa0f StaticDependenciesID=96c6552fcd61a12b2ccae79c44cc21db 
Number of updated asset objects reloaded before import = 0Number of asset objects unloaded after import = 2

========================================================================
Received Import Request.
  Time since last request: 0.000021 seconds.
  path: Assets/Marius N11608412/Materials and Textures/Walls And Floors/Models/Stone/materials/Corner-Stone-Model-02.png
  importAddress: Guid(a524bafa3eec40c47aea196bf7b64767) Importer(815301076,1909f56bfc062723c751e8b465ee728b)
Start importing Assets/Marius N11608412/Materials and Textures/Walls And Floors/Models/Stone/materials/Corner-Stone-Model-02.png using Guid(a524bafa3eec40c47aea196bf7b64767) Importer(815301076,1909f56bfc062723c751e8b465ee728b) (PreviewImporter) -> (Import Result ID: '4019d10554986b221bbc52cc9e091d27') in 0.0129359 seconds [static and dynamic dependencies]. Details - ImportResultOutputID=6b816453b7d02467274e24f09bb31267 DependenciesID=561564e0cbd55441fff80f48c0244c67 StaticDependenciesID=7b4d5aea7196508187b52c5286c415d8 
Number of updated asset objects reloaded before import = 0Number of asset objects unloaded after import = 2

========================================================================
Received Import Request.
  Time since last request: 0.000042 seconds.
  path: Assets/Marius N11608412/Materials and Textures/Walls And Floors/Models/Stone/materials/Door-Stone-Model-03.png
  importAddress: Guid(2c3b502c3b0689e4c8b7f41463ed9197) Importer(815301076,1909f56bfc062723c751e8b465ee728b)
Start importing Assets/Marius N11608412/Materials and Textures/Walls And Floors/Models/Stone/materials/Door-Stone-Model-03.png using Guid(2c3b502c3b0689e4c8b7f41463ed9197) Importer(815301076,1909f56bfc062723c751e8b465ee728b) (PreviewImporter) -> (Import Result ID: '5133fc84dd3f74e6c43ef62bfcb1b676') in 0.0135267 seconds [static and dynamic dependencies]. Details - ImportResultOutputID=82b7770cafa5cc8980f603d6d25f476c DependenciesID=cfb78a5512e676aa5a2ee42c61b55228 StaticDependenciesID=9ce2eb651df1a6599b88db9f90b76b76 
Number of updated asset objects reloaded before import = 0Number of asset objects unloaded after import = 2

========================================================================
Received Import Request.
  Time since last request: 0.000026 seconds.
  path: Assets/Marius N11608412/Materials and Textures/Walls And Floors/Models/Stone/materials/Wall-Stone-Model-07.png
  importAddress: Guid(95c07c7da75cacd48ad197c7a0ca4779) Importer(815301076,1909f56bfc062723c751e8b465ee728b)
Start importing Assets/Marius N11608412/Materials and Textures/Walls And Floors/Models/Stone/materials/Wall-Stone-Model-07.png using Guid(95c07c7da75cacd48ad197c7a0ca4779) Importer(815301076,1909f56bfc062723c751e8b465ee728b) (PreviewImporter) -> (Import Result ID: '87681a9e92a074721fb8b877950ae8c8') in 0.0135771 seconds [static and dynamic dependencies]. Details - ImportResultOutputID=f3cd6172af44e8560146264c4aaad192 DependenciesID=2433b0737eb8e89fec3b29653c016dd3 StaticDependenciesID=075667d0ac43aba51c4b70b547c9ce9f 
Number of updated asset objects reloaded before import = 0Number of asset objects unloaded after import = 2

========================================================================
Received Import Request.
  Time since last request: 0.000021 seconds.
  path: Assets/Marius N11608412/Materials and Textures/Walls And Floors/Models/Stone/materials/Corner-Stone-Model-03.mat
  importAddress: Guid(3f413147f079ccf4f9c492a01b0e39f4) Importer(815301076,1909f56bfc062723c751e8b465ee728b)
Start importing Assets/Marius N11608412/Materials and Textures/Walls And Floors/Models/Stone/materials/Corner-Stone-Model-03.mat using Guid(3f413147f079ccf4f9c492a01b0e39f4) Importer(815301076,1909f56bfc062723c751e8b465ee728b) (PreviewImporter) -> (Import Result ID: '96d558c9f1424c9eb065faf0f583d58e') in 0.0089138 seconds [static and dynamic dependencies]. Details - ImportResultOutputID=ac0cfea96096844b26e274b43fe48213 DependenciesID=3b6e49628c49c3e86d05802b45540d5b StaticDependenciesID=27bcbe75c9745efc80c7da0a9865b526 
Number of updated asset objects reloaded before import = 0Number of asset objects unloaded after import = 2

========================================================================
Received Import Request.
  Time since last request: 0.000031 seconds.
  path: Assets/Marius N11608412/Materials and Textures/Walls And Floors/Models/Stone/materials/Door-Stone-Model-01.mat
  importAddress: Guid(204b0ea5595393c4d950b931f84f64a9) Importer(815301076,1909f56bfc062723c751e8b465ee728b)
Start importing Assets/Marius N11608412/Materials and Textures/Walls And Floors/Models/Stone/materials/Door-Stone-Model-01.mat using Guid(204b0ea5595393c4d950b931f84f64a9) Importer(815301076,1909f56bfc062723c751e8b465ee728b) (PreviewImporter) -> (Import Result ID: 'ef68d48e5d513cc5dc9fd0d0aec5bc7a') in 0.0090728 seconds [static and dynamic dependencies]. Details - ImportResultOutputID=f749bc1983edb4a49799a3262dcce00b DependenciesID=ed956861ec5652725d1ffb1cd38bafa5 StaticDependenciesID=1f3d98992b235b45c20febb81cc09883 
Number of updated asset objects reloaded before import = 0Number of asset objects unloaded after import = 2

========================================================================
Received Import Request.
  Time since last request: 0.000022 seconds.
  path: Assets/Marius N11608412/Materials and Textures/Walls And Floors/Models/Stone/materials/Wall-Stone-Model-05.mat
  importAddress: Guid(30f7732f3ee57554eb7ef25694ac7bdc) Importer(815301076,1909f56bfc062723c751e8b465ee728b)
Start importing Assets/Marius N11608412/Materials and Textures/Walls And Floors/Models/Stone/materials/Wall-Stone-Model-05.mat using Guid(30f7732f3ee57554eb7ef25694ac7bdc) Importer(815301076,1909f56bfc062723c751e8b465ee728b) (PreviewImporter) -> (Import Result ID: 'ab74a20ad44299840e45be64f3b62959') in 0.0081064 seconds [static and dynamic dependencies]. Details - ImportResultOutputID=518a31edb42e46f3ed5116f8d6c66766 DependenciesID=cd229b3b39188b6f69b97ae84d73e578 StaticDependenciesID=37c1148108d4bd56f2b3a9efe38a5e13 
Number of updated asset objects reloaded before import = 0Number of asset objects unloaded after import = 2

========================================================================
Received Import Request.
  Time since last request: 0.000018 seconds.
  path: Assets/Marius N11608412/Materials and Textures/Walls And Floors/Models/Stone/materials/Wall-Stone-Model-04.mat
  importAddress: Guid(5d66cb4cf0d5ab54e8364c3f49894d76) Importer(815301076,1909f56bfc062723c751e8b465ee728b)
Start importing Assets/Marius N11608412/Materials and Textures/Walls And Floors/Models/Stone/materials/Wall-Stone-Model-04.mat using Guid(5d66cb4cf0d5ab54e8364c3f49894d76) Importer(815301076,1909f56bfc062723c751e8b465ee728b) (PreviewImporter) -> (Import Result ID: '5d9658d4a14a87e2fc896c0dba9a049b') in 0.0077977 seconds [static and dynamic dependencies]. Details - ImportResultOutputID=40c1212c412cde911eef2bdf5310f4b9 DependenciesID=7b03699ce50e1a1ad5a08eb41e6b4b1d StaticDependenciesID=46e002ca61bea8366e68f82b446df4f8 
Number of updated asset objects reloaded before import = 0Number of asset objects unloaded after import = 2

========================================================================
Received Import Request.
  Time since last request: 0.000022 seconds.
  path: Assets/Marius N11608412/Materials and Textures/Walls And Floors/Models/Stone/materials/Wall-Stone-Model-10.mat
  importAddress: Guid(84adbdab398f5774c91098d795c84d1a) Importer(815301076,1909f56bfc062723c751e8b465ee728b)
Start importing Assets/Marius N11608412/Materials and Textures/Walls And Floors/Models/Stone/materials/Wall-Stone-Model-10.mat using Guid(84adbdab398f5774c91098d795c84d1a) Importer(815301076,1909f56bfc062723c751e8b465ee728b) (PreviewImporter) -> (Import Result ID: 'cd6343594cc5db70a3d21d96d1572004') in 0.0085734 seconds [static and dynamic dependencies]. Details - ImportResultOutputID=85e430c83a35e5a003dd305f0cd85dd4 DependenciesID=c6eb1a4fd9911efb7ce0c8dbe894a0aa StaticDependenciesID=35be146d5464aefc8d418aed2057fc90 
Number of updated asset objects reloaded before import = 0Number of asset objects unloaded after import = 2

========================================================================
Received Import Request.
  Time since last request: 0.000020 seconds.
  path: Assets/Marius N11608412/Materials and Textures/Walls And Floors/Models/Stone/materials/Wall-Stone-Model-10.png
  importAddress: Guid(b7290229929885845b1665e4c7d323fb) Importer(815301076,1909f56bfc062723c751e8b465ee728b)
Start importing Assets/Marius N11608412/Materials and Textures/Walls And Floors/Models/Stone/materials/Wall-Stone-Model-10.png using Guid(b7290229929885845b1665e4c7d323fb) Importer(815301076,1909f56bfc062723c751e8b465ee728b) (PreviewImporter) -> (Import Result ID: '9c0f3f57cb297b2c5ca9e38cb23bc76c') in 0.0286317 seconds [static and dynamic dependencies]. Details - ImportResultOutputID=fc979068c720a74a388b11795b96d6b9 DependenciesID=2b5c8503982b4b4f3e02991a4d4e2d2a StaticDependenciesID=9235adbdbebd6e8bcd51bed339b0878f 
Number of updated asset objects reloaded before import = 0Number of asset objects unloaded after import = 2

========================================================================
Received Import Request.
  Time since last request: 0.000025 seconds.
  path: Assets/Marius N11608412/Materials and Textures/Walls And Floors/Models/Stone/materials/Wall-Stone-Model-01.png
  importAddress: Guid(1062c851ac463864a975a31507fa79b2) Importer(815301076,1909f56bfc062723c751e8b465ee728b)
Start importing Assets/Marius N11608412/Materials and Textures/Walls And Floors/Models/Stone/materials/Wall-Stone-Model-01.png using Guid(1062c851ac463864a975a31507fa79b2) Importer(815301076,1909f56bfc062723c751e8b465ee728b) (PreviewImporter) -> (Import Result ID: 'af54fd5c19f31105e77d542dadbfcd3e') in 0.0125368 seconds [static and dynamic dependencies]. Details - ImportResultOutputID=87b76f820ec15cd83b7a7cd97090530d DependenciesID=e8f8accc036a710d9733648e82f4ab9b StaticDependenciesID=c2902b4653a4d705e0e8c38f04825bde 
Number of updated asset objects reloaded before import = 0Number of asset objects unloaded after import = 2

========================================================================
Received Import Request.
  Time since last request: 0.000021 seconds.
  path: Assets/Marius N11608412/Materials and Textures/Walls And Floors/Models/Stone/materials/Floor-Stone-Model-02.png
  importAddress: Guid(2aa5b41a596bc424e852c02af81b563b) Importer(815301076,1909f56bfc062723c751e8b465ee728b)
Start importing Assets/Marius N11608412/Materials and Textures/Walls And Floors/Models/Stone/materials/Floor-Stone-Model-02.png using Guid(2aa5b41a596bc424e852c02af81b563b) Importer(815301076,1909f56bfc062723c751e8b465ee728b) (PreviewImporter) -> (Import Result ID: '79068ab332897d2cbd386320a5aa83cb') in 0.0133122 seconds [static and dynamic dependencies]. Details - ImportResultOutputID=4d718f1eb7c53e32eb0cc86b45fac93d DependenciesID=aa8e0915b1df619643881226a6519026 StaticDependenciesID=7d1cf83663f0ba0dbee9a840aab4f0ee 
Number of updated asset objects reloaded before import = 0Number of asset objects unloaded after import = 2

========================================================================
Received Import Request.
  Time since last request: 0.000028 seconds.
  path: Assets/Marius N11608412/Materials and Textures/Walls And Floors/Models/Stone/materials/Wall-Stone-Model-08.mat
  importAddress: Guid(531ebf51a45f06748a01c51246b63597) Importer(815301076,1909f56bfc062723c751e8b465ee728b)
Start importing Assets/Marius N11608412/Materials and Textures/Walls And Floors/Models/Stone/materials/Wall-Stone-Model-08.mat using Guid(531ebf51a45f06748a01c51246b63597) Importer(815301076,1909f56bfc062723c751e8b465ee728b) (PreviewImporter) -> (Import Result ID: '94b660097222fe32f39afce04ec4c081') in 0.0090608 seconds [static and dynamic dependencies]. Details - ImportResultOutputID=4ac56fb1081e3f7c15f0d67e933c7847 DependenciesID=7c6971ad35b0e8ad16406513550a1c50 StaticDependenciesID=23e6ab7284132850b23abc20aaa27a83 
Number of updated asset objects reloaded before import = 0Number of asset objects unloaded after import = 2

========================================================================
Received Import Request.
  Time since last request: 0.000018 seconds.
  path: Assets/Marius N11608412/Materials and Textures/Walls And Floors/Models/Stone/materials/Corner-Stone-Model-03.png
  importAddress: Guid(b5b67259540d6bf4b9e825e43b59b410) Importer(815301076,1909f56bfc062723c751e8b465ee728b)
Start importing Assets/Marius N11608412/Materials and Textures/Walls And Floors/Models/Stone/materials/Corner-Stone-Model-03.png using Guid(b5b67259540d6bf4b9e825e43b59b410) Importer(815301076,1909f56bfc062723c751e8b465ee728b) (PreviewImporter) -> (Import Result ID: '58c7e03395ce8724c84b0a871b6bbe02') in 0.0120849 seconds [static and dynamic dependencies]. Details - ImportResultOutputID=fe12f00068bc588823611499ff66e298 DependenciesID=3d38ff8b44569b8585fd353046b95d6a StaticDependenciesID=25a38bb11c8fbae895a67b345afa8ea8 
Number of updated asset objects reloaded before import = 0Number of asset objects unloaded after import = 2

========================================================================
Received Import Request.
  Time since last request: 0.000023 seconds.
  path: Assets/Marius N11608412/Materials and Textures/Walls And Floors/Models/Stone/materials/Wall-Stone-Model-07.mat
  importAddress: Guid(4428709e021064748a4ade09197d9609) Importer(815301076,1909f56bfc062723c751e8b465ee728b)
Start importing Assets/Marius N11608412/Materials and Textures/Walls And Floors/Models/Stone/materials/Wall-Stone-Model-07.mat using Guid(4428709e021064748a4ade09197d9609) Importer(815301076,1909f56bfc062723c751e8b465ee728b) (PreviewImporter) -> (Import Result ID: '1b4cb49843d8726215966086ce871fff') in 0.0087889 seconds [static and dynamic dependencies]. Details - ImportResultOutputID=5d4818ad3c97dc85655b50c61dbdb4d7 DependenciesID=251324adfdf4fb76d7b3ea79645cf234 StaticDependenciesID=7b68b3c696de5b0e507519c615111816 
Number of updated asset objects reloaded before import = 0Number of asset objects unloaded after import = 2

========================================================================
Received Import Request.
  Time since last request: 0.000020 seconds.
  path: Assets/Marius N11608412/Materials and Textures/Walls And Floors/Models/Stone/materials/Wall-Stone-Model-04.png
  importAddress: Guid(69b4732a9481c1c4ba46b1d458fa3a35) Importer(815301076,1909f56bfc062723c751e8b465ee728b)
Start importing Assets/Marius N11608412/Materials and Textures/Walls And Floors/Models/Stone/materials/Wall-Stone-Model-04.png using Guid(69b4732a9481c1c4ba46b1d458fa3a35) Importer(815301076,1909f56bfc062723c751e8b465ee728b) (PreviewImporter) -> (Import Result ID: 'd5aadf1666e4a03acfd368c6cf3eb5ab') in 0.0135281 seconds [static and dynamic dependencies]. Details - ImportResultOutputID=6edcc005035e6c826bde2e606337fa41 DependenciesID=4ec8cabf673c7b8539b09f6806940721 StaticDependenciesID=912b455213066eb1cc7fbc18792687af 
Number of updated asset objects reloaded before import = 0Number of asset objects unloaded after import = 2

========================================================================
Received Import Request.
  Time since last request: 0.000020 seconds.
  path: Assets/Marius N11608412/Materials and Textures/Walls And Floors/Models/Stone/materials/Floor-Stone-Model-03.mat
  importAddress: Guid(907d88b92f7d1bf499be0995fc4c75bc) Importer(815301076,1909f56bfc062723c751e8b465ee728b)
Start importing Assets/Marius N11608412/Materials and Textures/Walls And Floors/Models/Stone/materials/Floor-Stone-Model-03.mat using Guid(907d88b92f7d1bf499be0995fc4c75bc) Importer(815301076,1909f56bfc062723c751e8b465ee728b) (PreviewImporter) -> (Import Result ID: '7c9c334ac528b70c46199435216c7513') in 0.0081458 seconds [static and dynamic dependencies]. Details - ImportResultOutputID=3cc581b824b47e758fd74bf4f144a69a DependenciesID=5b94f43ae3810c53f016a38684ca131b StaticDependenciesID=777cb112f20c51b64ad08956c2865c59 
Number of updated asset objects reloaded before import = 0Number of asset objects unloaded after import = 2

========================================================================
Received Import Request.
  Time since last request: 0.000028 seconds.
  path: Assets/Marius N11608412/Materials and Textures/Walls And Floors/Models/Stone/materials/Wall-Stone-Model-11.png
  importAddress: Guid(92fdb74de751e4f4a83b8a1d7bfeb29e) Importer(815301076,1909f56bfc062723c751e8b465ee728b)
Start importing Assets/Marius N11608412/Materials and Textures/Walls And Floors/Models/Stone/materials/Wall-Stone-Model-11.png using Guid(92fdb74de751e4f4a83b8a1d7bfeb29e) Importer(815301076,1909f56bfc062723c751e8b465ee728b) (PreviewImporter) -> (Import Result ID: '5475bdfb11cf4283955a92a52f7b72c6') in 0.0136515 seconds [static and dynamic dependencies]. Details - ImportResultOutputID=1f4282a28926fcfc9a9d6a4309ed046a DependenciesID=8de9fe156000559e06c30085a07b1b1b StaticDependenciesID=9a870727aa4b89a6cc5ba50dc5b4285a 
Number of updated asset objects reloaded before import = 0Number of asset objects unloaded after import = 2

========================================================================
Received Import Request.
  Time since last request: 0.000045 seconds.
  path: Assets/Marius N11608412/Materials and Textures/Walls And Floors/Models/Stone/materials/Wall-Stone-Model-05.png
  importAddress: Guid(b118ab368c4a4b846910231f83304da9) Importer(815301076,1909f56bfc062723c751e8b465ee728b)
Start importing Assets/Marius N11608412/Materials and Textures/Walls And Floors/Models/Stone/materials/Wall-Stone-Model-05.png using Guid(b118ab368c4a4b846910231f83304da9) Importer(815301076,1909f56bfc062723c751e8b465ee728b) (PreviewImporter) -> (Import Result ID: '0c55c4cea0fb0b46ebcc198878fae0f0') in 0.0130909 seconds [static and dynamic dependencies]. Details - ImportResultOutputID=949e8700aa715b699ebb33bd3a2fc696 DependenciesID=3eb894eb77e9ae925e3bde47c1fd0113 StaticDependenciesID=a73dc0450cb509d260c95d8b6238b1d1 
Number of updated asset objects reloaded before import = 0Number of asset objects unloaded after import = 2

========================================================================
Received Import Request.
  Time since last request: 0.000025 seconds.
  path: Assets/Marius N11608412/Materials and Textures/Walls And Floors/Models/Stone/materials/Floor-Stone-Model-01.mat
  importAddress: Guid(36ccc1482a1cb234fa00f4bba66dae21) Importer(815301076,1909f56bfc062723c751e8b465ee728b)
Start importing Assets/Marius N11608412/Materials and Textures/Walls And Floors/Models/Stone/materials/Floor-Stone-Model-01.mat using Guid(36ccc1482a1cb234fa00f4bba66dae21) Importer(815301076,1909f56bfc062723c751e8b465ee728b) (PreviewImporter) -> (Import Result ID: '44795f8040f2bd0ff367b1e953fa0226') in 0.0094442 seconds [static and dynamic dependencies]. Details - ImportResultOutputID=acdd561a524f477a8088e8fe525e25dc DependenciesID=c8db953e7afe316d93da77e8e67e8b5c StaticDependenciesID=319fa6ba44daaeec87068b41a60dd9b2 
Number of updated asset objects reloaded before import = 0Number of asset objects unloaded after import = 2

========================================================================
Received Import Request.
  Time since last request: 0.000019 seconds.
  path: Assets/Marius N11608412/Materials and Textures/Walls And Floors/Models/Stone/materials/Floor-Stone-Model-02.mat
  importAddress: Guid(5ef5271cc1e75574995ddec7d0186fc6) Importer(815301076,1909f56bfc062723c751e8b465ee728b)
Start importing Assets/Marius N11608412/Materials and Textures/Walls And Floors/Models/Stone/materials/Floor-Stone-Model-02.mat using Guid(5ef5271cc1e75574995ddec7d0186fc6) Importer(815301076,1909f56bfc062723c751e8b465ee728b) (PreviewImporter) -> (Import Result ID: '08e2512730d25877ac7c2a6d111e00e5') in 0.0084126 seconds [static and dynamic dependencies]. Details - ImportResultOutputID=b4a3d7c87027a4923f1b64eb3ffc840c DependenciesID=5aa05b377cbec1c9eb6125ca40bdb295 StaticDependenciesID=32f3ac443f4149da1e150bb9289d1f0d 
Number of updated asset objects reloaded before import = 0Number of asset objects unloaded after import = 2

========================================================================
Received Import Request.
  Time since last request: 0.000024 seconds.
  path: Assets/Marius N11608412/Materials and Textures/Walls And Floors/Models/Stone/materials/Corner-Stone-Model-04.png
  importAddress: Guid(c00488771ed2ee04cb45e425a2ffc836) Importer(815301076,1909f56bfc062723c751e8b465ee728b)
Start importing Assets/Marius N11608412/Materials and Textures/Walls And Floors/Models/Stone/materials/Corner-Stone-Model-04.png using Guid(c00488771ed2ee04cb45e425a2ffc836) Importer(815301076,1909f56bfc062723c751e8b465ee728b) (PreviewImporter) -> (Import Result ID: '00f3e5efa6344ea9ec3d23d4e661f303') in 0.0129291 seconds [static and dynamic dependencies]. Details - ImportResultOutputID=a8f485f740a80e0297ebcc15617bccb5 DependenciesID=692eb0ef1dab39f7a8558d01b8d97b5e StaticDependenciesID=fdb1e866c453f4dc5a3022e25d77422c 
Number of updated asset objects reloaded before import = 0Number of asset objects unloaded after import = 2

========================================================================
Received Import Request.
  Time since last request: 0.000025 seconds.
  path: Assets/Marius N11608412/Materials and Textures/Walls And Floors/Models/Stone/materials/Floor-Stone-Model-01.png
  importAddress: Guid(b23359ca8f9cca44f85121625463e5d0) Importer(815301076,1909f56bfc062723c751e8b465ee728b)
Start importing Assets/Marius N11608412/Materials and Textures/Walls And Floors/Models/Stone/materials/Floor-Stone-Model-01.png using Guid(b23359ca8f9cca44f85121625463e5d0) Importer(815301076,1909f56bfc062723c751e8b465ee728b) (PreviewImporter) -> (Import Result ID: '4ad2fa7f0da958ecac3bc6b0317f6d9e') in 0.0067246 seconds [static and dynamic dependencies]. Details - ImportResultOutputID=8984bbc1852f1af7b0afa2065d70b7ce DependenciesID=5dbc7553378228624743eaf58c1122dc StaticDependenciesID=87510d165ea2b4d70fc03c31455ab6c7 
Number of updated asset objects reloaded before import = 0Number of asset objects unloaded after import = 2

========================================================================
Received Import Request.
  Time since last request: 0.000101 seconds.
  path: Assets/Marius N11608412/Materials and Textures/Walls And Floors/Models/Stone/materials/Wall-Stone-Model-09.png
  importAddress: Guid(f5b32c79491e7384e93e8526af9c0f51) Importer(815301076,1909f56bfc062723c751e8b465ee728b)
Start importing Assets/Marius N11608412/Materials and Textures/Walls And Floors/Models/Stone/materials/Wall-Stone-Model-09.png using Guid(f5b32c79491e7384e93e8526af9c0f51) Importer(815301076,1909f56bfc062723c751e8b465ee728b) (PreviewImporter) -> (Import Result ID: 'c23a705bad18a6970c4dbca852675177') in 0.0136464 seconds [static and dynamic dependencies]. Details - ImportResultOutputID=d5b18184471e95381883b29e89dbbd4c DependenciesID=edee6c0d1d1e6228bb75d6879bcb094c StaticDependenciesID=deb4e8e02bf6986d2616dd32a34eb7f3 
Number of updated asset objects reloaded before import = 0Number of asset objects unloaded after import = 2

========================================================================
Received Import Request.
  Time since last request: 190.057618 seconds.
  path: Assets/Marius N11608412/Materials and Textures/Walls And Floors/Models/Stone/materials/Corner-Stone-Model-01.mat
  importAddress: Guid(9ea8f35b013d57543844fb8784445267) Importer(815301076,1909f56bfc062723c751e8b465ee728b)
Start importing Assets/Marius N11608412/Materials and Textures/Walls And Floors/Models/Stone/materials/Corner-Stone-Model-01.mat using Guid(9ea8f35b013d57543844fb8784445267) Importer(815301076,1909f56bfc062723c751e8b465ee728b) (PreviewImporter) -> (Import Result ID: '69e8a97c44d8300a7c89dfa9654273be') in 0.0195081 seconds [static and dynamic dependencies]. Details - ImportResultOutputID=91c584be6cf63e7af58cf222e5083c4a DependenciesID=b9bdff925cfcdda4bca251fe724bb87e StaticDependenciesID=f9dd49d322e1f9e7271223818052638c 
Number of updated asset objects reloaded before import = 0Number of asset objects unloaded after import = 2

========================================================================
Received Import Request.
  Time since last request: 0.000039 seconds.
  path: Assets/Marius N11608412/Materials and Textures/Walls And Floors/Models/Stone/materials/Corner-Stone-Model-03.mat
  importAddress: Guid(3f413147f079ccf4f9c492a01b0e39f4) Importer(815301076,1909f56bfc062723c751e8b465ee728b)
Start importing Assets/Marius N11608412/Materials and Textures/Walls And Floors/Models/Stone/materials/Corner-Stone-Model-03.mat using Guid(3f413147f079ccf4f9c492a01b0e39f4) Importer(815301076,1909f56bfc062723c751e8b465ee728b) (PreviewImporter) -> (Import Result ID: 'c9301a6c75ad8c3b7b052473fab47aa8') in 0.0191411 seconds [static and dynamic dependencies]. Details - ImportResultOutputID=b72c972bf1eca412145ce4b43cc36ee3 DependenciesID=f1e9282a0c9aee1481ba92a5f02927fc StaticDependenciesID=ea4d6615773b5280a69d30c179d4d689 
Number of updated asset objects reloaded before import = 0Number of asset objects unloaded after import = 2

========================================================================
Received Import Request.
  Time since last request: 0.000020 seconds.
  path: Assets/Marius N11608412/Materials and Textures/Walls And Floors/Models/Stone/materials/Wall-Stone-Model-06.mat
  importAddress: Guid(b97ac9058d8efce46a1ce11971dd49bb) Importer(815301076,1909f56bfc062723c751e8b465ee728b)
Start importing Assets/Marius N11608412/Materials and Textures/Walls And Floors/Models/Stone/materials/Wall-Stone-Model-06.mat using Guid(b97ac9058d8efce46a1ce11971dd49bb) Importer(815301076,1909f56bfc062723c751e8b465ee728b) (PreviewImporter) -> (Import Result ID: '0092abbfa1e2dad2ca6b2a6f0f0909ac') in 0.0173002 seconds [static and dynamic dependencies]. Details - ImportResultOutputID=636e512cbf6b782005f8d47c2b63914a DependenciesID=e98377f1ddeff70a8fcccaecc63866f0 StaticDependenciesID=6a779819945403d8afd6a3eb2ac3df8a 
Number of updated asset objects reloaded before import = 0Number of asset objects unloaded after import = 4

========================================================================
Received Import Request.
  Time since last request: 0.000018 seconds.
  path: Assets/Marius N11608412/Materials and Textures/Walls And Floors/Models/Stone/materials/Floor-Stone-Model-03 2.mat
  importAddress: Guid(329d7b4f3215a4a44a36c685cdaebf84) Importer(815301076,1909f56bfc062723c751e8b465ee728b)
Start importing Assets/Marius N11608412/Materials and Textures/Walls And Floors/Models/Stone/materials/Floor-Stone-Model-03 2.mat using Guid(329d7b4f3215a4a44a36c685cdaebf84) Importer(815301076,1909f56bfc062723c751e8b465ee728b) (PreviewImporter) -> (Import Result ID: '2c882481e9f8cb7cd545ef67dd71edf6') in 0.0186667 seconds [static and dynamic dependencies]. Details - ImportResultOutputID=1a00cd7bb5de789a575f86a1a9317563 DependenciesID=187833551712bd32047deb005bb69d91 StaticDependenciesID=0f9107f655b698ddf85a3023109a180c 
Number of updated asset objects reloaded before import = 0Number of asset objects unloaded after import = 2

========================================================================
Received Import Request.
  Time since last request: 0.000022 seconds.
  path: Assets/Marius N11608412/Materials and Textures/Walls And Floors/Models/Stone/materials/Door-Stone-Model-01.mat
  importAddress: Guid(204b0ea5595393c4d950b931f84f64a9) Importer(815301076,1909f56bfc062723c751e8b465ee728b)
Start importing Assets/Marius N11608412/Materials and Textures/Walls And Floors/Models/Stone/materials/Door-Stone-Model-01.mat using Guid(204b0ea5595393c4d950b931f84f64a9) Importer(815301076,1909f56bfc062723c751e8b465ee728b) (PreviewImporter) -> (Import Result ID: 'b35b9f5eb75ec53c655de6554df3a81a') in 0.0161067 seconds [static and dynamic dependencies]. Details - ImportResultOutputID=899ecf199187a9c72a5dc36ebaa3579b DependenciesID=7f36e859778bcaccdef983102381a0f0 StaticDependenciesID=c498b3af1e6d3462ea6306a390cb2bbc 
Number of updated asset objects reloaded before import = 0Number of asset objects unloaded after import = 2

========================================================================
Received Import Request.
  Time since last request: 0.000028 seconds.
  path: Assets/Marius N11608412/Materials and Textures/Walls And Floors/Models/Stone/materials/Wall-Stone-Model-03.mat
  importAddress: Guid(2161f28328ad88948a3b77d2aecd79bd) Importer(815301076,1909f56bfc062723c751e8b465ee728b)
Start importing Assets/Marius N11608412/Materials and Textures/Walls And Floors/Models/Stone/materials/Wall-Stone-Model-03.mat using Guid(2161f28328ad88948a3b77d2aecd79bd) Importer(815301076,1909f56bfc062723c751e8b465ee728b) (PreviewImporter) -> (Import Result ID: '29b270abd7c13685b09faf892d5235ce') in 0.0162294 seconds [static and dynamic dependencies]. Details - ImportResultOutputID=ceb4005de2d8b4fadbe14462e7423bf0 DependenciesID=b7a9c565ce0b586611ee21ae4c971deb StaticDependenciesID=be95e77af34953a627cd28d6a1b28679 
Number of updated asset objects reloaded before import = 0Number of asset objects unloaded after import = 2

========================================================================
Received Import Request.
  Time since last request: 0.000024 seconds.
  path: Assets/Marius N11608412/Materials and Textures/Walls And Floors/Models/Stone/materials/Wall-Stone-Model-04.mat
  importAddress: Guid(5d66cb4cf0d5ab54e8364c3f49894d76) Importer(815301076,1909f56bfc062723c751e8b465ee728b)
Start importing Assets/Marius N11608412/Materials and Textures/Walls And Floors/Models/Stone/materials/Wall-Stone-Model-04.mat using Guid(5d66cb4cf0d5ab54e8364c3f49894d76) Importer(815301076,1909f56bfc062723c751e8b465ee728b) (PreviewImporter) -> (Import Result ID: '41ebd495e442e9ab6d6ae6f9e31713e9') in 0.0143341 seconds [static and dynamic dependencies]. Details - ImportResultOutputID=f0364e9a03443d5a8d01a8a67432596f DependenciesID=4a72757917d00ad449053682283107e8 StaticDependenciesID=085efd7a059fcd76e51827aaf225c4d6 
Number of updated asset objects reloaded before import = 0Number of asset objects unloaded after import = 2

========================================================================
Received Import Request.
  Time since last request: 0.000028 seconds.
  path: Assets/Marius N11608412/Materials and Textures/Walls And Floors/Models/Stone/materials/Floor-Stone-Model-04.mat
  importAddress: Guid(3b751f6271dce7747ab89d83050d6315) Importer(815301076,1909f56bfc062723c751e8b465ee728b)
Start importing Assets/Marius N11608412/Materials and Textures/Walls And Floors/Models/Stone/materials/Floor-Stone-Model-04.mat using Guid(3b751f6271dce7747ab89d83050d6315) Importer(815301076,1909f56bfc062723c751e8b465ee728b) (PreviewImporter) -> (Import Result ID: 'a59274a1b84e50f25edb6b8410893799') in 0.0228774 seconds [static and dynamic dependencies]. Details - ImportResultOutputID=9054ca1a03a3c2a5bf27486da888e2ca DependenciesID=5fe672c20a62109cfc50dc93efba0543 StaticDependenciesID=1bab7746a77a078637a51b48c600e6d7 
Number of updated asset objects reloaded before import = 0Number of asset objects unloaded after import = 2

========================================================================
Received Import Request.
  Time since last request: 0.000015 seconds.
  path: Assets/Marius N11608412/Materials and Textures/Walls And Floors/Models/Stone/materials/Floor-Stone-Model-03.mat
  importAddress: Guid(907d88b92f7d1bf499be0995fc4c75bc) Importer(815301076,1909f56bfc062723c751e8b465ee728b)
Start importing Assets/Marius N11608412/Materials and Textures/Walls And Floors/Models/Stone/materials/Floor-Stone-Model-03.mat using Guid(907d88b92f7d1bf499be0995fc4c75bc) Importer(815301076,1909f56bfc062723c751e8b465ee728b) (PreviewImporter) -> (Import Result ID: '76740d612732aead4204805a365e98f7') in 0.0186523 seconds [static and dynamic dependencies]. Details - ImportResultOutputID=5faab6bf7a500362d9b78dd61c8ae6ef DependenciesID=aab72a1d82dbadd5e9b991fbb89007f5 StaticDependenciesID=2dbddef6c369d8799f04970dd068f81d 
Number of updated asset objects reloaded before import = 0Number of asset objects unloaded after import = 2

========================================================================
Received Import Request.
  Time since last request: 0.000024 seconds.
  path: Assets/Marius N11608412/Materials and Textures/Walls And Floors/Models/Stone/materials/Floor-Stone-Model-01.mat
  importAddress: Guid(36ccc1482a1cb234fa00f4bba66dae21) Importer(815301076,1909f56bfc062723c751e8b465ee728b)
Start importing Assets/Marius N11608412/Materials and Textures/Walls And Floors/Models/Stone/materials/Floor-Stone-Model-01.mat using Guid(36ccc1482a1cb234fa00f4bba66dae21) Importer(815301076,1909f56bfc062723c751e8b465ee728b) (PreviewImporter) -> (Import Result ID: '9cd356631ae795b844cea0ba6a6dbebf') in 0.0166699 seconds [static and dynamic dependencies]. Details - ImportResultOutputID=0ca46c4c91c6248b0325ee5cfa43989e DependenciesID=bfe903c5890622c995ad8cd785d719bf StaticDependenciesID=753cbb647eb961f5a3ff77c98e2f6c44 
Number of updated asset objects reloaded before import = 0Number of asset objects unloaded after import = 2

========================================================================
Received Import Request.
  Time since last request: 0.000022 seconds.
  path: Assets/Marius N11608412/Materials and Textures/Walls And Floors/Models/Stone/materials/Floor-Stone-Model-02.mat
  importAddress: Guid(5ef5271cc1e75574995ddec7d0186fc6) Importer(815301076,1909f56bfc062723c751e8b465ee728b)
Start importing Assets/Marius N11608412/Materials and Textures/Walls And Floors/Models/Stone/materials/Floor-Stone-Model-02.mat using Guid(5ef5271cc1e75574995ddec7d0186fc6) Importer(815301076,1909f56bfc062723c751e8b465ee728b) (PreviewImporter) -> (Import Result ID: '4bbea65ca567589028594b77f551bbaf') in 0.0177518 seconds [static and dynamic dependencies]. Details - ImportResultOutputID=e0ee9b0fc8ab9f23431d831d8e5639da DependenciesID=2dd424cad8f6b70e1b70e96eef746baa StaticDependenciesID=c2cd7f3a16c1d47146d2ff591a767b73 
Number of updated asset objects reloaded before import = 0Number of asset objects unloaded after import = 2

========================================================================
Received Import Request.
  Time since last request: 0.000024 seconds.
  path: Assets/Marius N11608412/Materials and Textures/Walls And Floors/Models/Stone/materials/Corner-Stone-Model-04.mat
  importAddress: Guid(9c1fdc88dd11f204e83af10d0d8bf680) Importer(815301076,1909f56bfc062723c751e8b465ee728b)
Start importing Assets/Marius N11608412/Materials and Textures/Walls And Floors/Models/Stone/materials/Corner-Stone-Model-04.mat using Guid(9c1fdc88dd11f204e83af10d0d8bf680) Importer(815301076,1909f56bfc062723c751e8b465ee728b) (PreviewImporter) -> (Import Result ID: 'b5a9b53e9a03fa10446d9a385c2fd90b') in 0.0166741 seconds [static and dynamic dependencies]. Details - ImportResultOutputID=5eae0c492d571fdd27217c41b3c60a68 DependenciesID=4c7778548df1e4bfac4ef96708a651cd StaticDependenciesID=805b7faebda4b09a3393a79b486c2e9a 
Number of updated asset objects reloaded before import = 0Number of asset objects unloaded after import = 2

========================================================================
Received Import Request.
  Time since last request: 0.000024 seconds.
  path: Assets/Marius N11608412/Materials and Textures/Walls And Floors/Models/Stone/materials/Wall-Stone-Model-02.mat
  importAddress: Guid(2bac18ecbe07be6478b5a06a0bd36a15) Importer(815301076,1909f56bfc062723c751e8b465ee728b)
Start importing Assets/Marius N11608412/Materials and Textures/Walls And Floors/Models/Stone/materials/Wall-Stone-Model-02.mat using Guid(2bac18ecbe07be6478b5a06a0bd36a15) Importer(815301076,1909f56bfc062723c751e8b465ee728b) (PreviewImporter) -> (Import Result ID: '047b6e8d041417303996caa35944af68') in 0.0155342 seconds [static and dynamic dependencies]. Details - ImportResultOutputID=88411d8fcbc5cb90021f9ac8ff5440cc DependenciesID=8f793e65d65c103f006cc8b924c302fd StaticDependenciesID=8e58dfe603d9e99c921cb50584fe39ad 
Number of updated asset objects reloaded before import = 0Number of asset objects unloaded after import = 2

========================================================================
Received Import Request.
  Time since last request: 0.776660 seconds.
  path: Assets/Marius N11608412/Materials and Textures/Walls And Floors/Models/Stone/materials/Floor-Stone-Model-01.mat
  importAddress: Guid(36ccc1482a1cb234fa00f4bba66dae21) Importer(2089858483,b0f066a214c2f5e87bad3c948f4d605d)
Start importing Assets/Marius N11608412/Materials and Textures/Walls And Floors/Models/Stone/materials/Floor-Stone-Model-01.mat using Guid(36ccc1482a1cb234fa00f4bba66dae21) Importer(2089858483,b0f066a214c2f5e87bad3c948f4d605d) (ScriptedImporter) -> (Import Result ID: 'b6269f766d4c9746471869ea9dd0bfcf') in 0.1078356 seconds [static and dynamic dependencies]. Details - ImportResultOutputID=4e223145e423d90f35b917f8e289f87b DependenciesID=db14ee08438daf77380570e3c51d25f5 StaticDependenciesID=4eab8cbdcb1d5ba0b20cabdcb135ea8e 
Number of updated asset objects reloaded before import = 0Number of asset objects unloaded after import = 2

========================================================================
Received Import Request.
  Time since last request: 0.000025 seconds.
  path: Assets/Marius N11608412/Materials and Textures/Walls And Floors/Models/Stone/materials/Corner-Stone-Model-03.mat
  importAddress: Guid(3f413147f079ccf4f9c492a01b0e39f4) Importer(2089858483,b0f066a214c2f5e87bad3c948f4d605d)
Start importing Assets/Marius N11608412/Materials and Textures/Walls And Floors/Models/Stone/materials/Corner-Stone-Model-03.mat using Guid(3f413147f079ccf4f9c492a01b0e39f4) Importer(2089858483,b0f066a214c2f5e87bad3c948f4d605d) (ScriptedImporter) -> (Import Result ID: '3e05d346a4a8aaf3013faa211c72bd6a') in 0.0143616 seconds [static and dynamic dependencies]. Details - ImportResultOutputID=dcdba3f379a9627187c82423c66f1e16 DependenciesID=4e57adf8cc879a84cea7fa620e69f62a StaticDependenciesID=4917cc79b26af70019e9aa7782e1eaad 
Number of updated asset objects reloaded before import = 0Number of asset objects unloaded after import = 2

========================================================================
Received Import Request.
  Time since last request: 0.000028 seconds.
  path: Assets/Marius N11608412/Materials and Textures/Walls And Floors/Models/Stone/materials/Wall-Stone-Model-04.mat
  importAddress: Guid(5d66cb4cf0d5ab54e8364c3f49894d76) Importer(2089858483,b0f066a214c2f5e87bad3c948f4d605d)
Start importing Assets/Marius N11608412/Materials and Textures/Walls And Floors/Models/Stone/materials/Wall-Stone-Model-04.mat using Guid(5d66cb4cf0d5ab54e8364c3f49894d76) Importer(2089858483,b0f066a214c2f5e87bad3c948f4d605d) (ScriptedImporter) -> (Import Result ID: '68ec2850a4ca47f98744cf78e3237c3b') in 0.0144798 seconds [static and dynamic dependencies]. Details - ImportResultOutputID=c18d19fd27b904b7c4c449abaf74a140 DependenciesID=1f277e428a8abcdc9a72794416847945 StaticDependenciesID=ca853cca383d508eba1e82d9ae31fb76 
Number of updated asset objects reloaded before import = 0Number of asset objects unloaded after import = 2

========================================================================
Received Import Request.
  Time since last request: 0.000076 seconds.
  path: Assets/Marius N11608412/Materials and Textures/Cube Colour.mat
  importAddress: Guid(8836f62de5908af4586fc4156271fe92) Importer(2089858483,b0f066a214c2f5e87bad3c948f4d605d)
Start importing Assets/Marius N11608412/Materials and Textures/Cube Colour.mat using Guid(8836f62de5908af4586fc4156271fe92) Importer(2089858483,b0f066a214c2f5e87bad3c948f4d605d) (ScriptedImporter) -> (Import Result ID: '7453c95c44b98f2a686564285832f3f7') in 0.0131501 seconds [static and dynamic dependencies]. Details - ImportResultOutputID=3565e415db75c6d6399a2f626c900897 DependenciesID=574821d59588b8bc85ea1e37b7924dc3 StaticDependenciesID=07cbd8359f6f247702571cbe344e8561 
Number of updated asset objects reloaded before import = 0Number of asset objects unloaded after import = 1

========================================================================
Received Import Request.
  Time since last request: 0.000022 seconds.
  path: Assets/Marius N11608412/Materials and Textures/Walls And Floors/Models/Stone/materials/Corner-Stone-Model-01.mat
  importAddress: Guid(9ea8f35b013d57543844fb8784445267) Importer(2089858483,b0f066a214c2f5e87bad3c948f4d605d)
Start importing Assets/Marius N11608412/Materials and Textures/Walls And Floors/Models/Stone/materials/Corner-Stone-Model-01.mat using Guid(9ea8f35b013d57543844fb8784445267) Importer(2089858483,b0f066a214c2f5e87bad3c948f4d605d) (ScriptedImporter) -> (Import Result ID: '48ea558654ab6202e2970f66970398fa') in 0.0130448 seconds [static and dynamic dependencies]. Details - ImportResultOutputID=a0c505fc9c221313e32f7db24e32117c DependenciesID=5cf11279fd9392968ccbb9f6d41e9fd3 StaticDependenciesID=5d6dc9e1776a6f33ab080ce1a7c11f22 
Number of updated asset objects reloaded before import = 0Number of asset objects unloaded after import = 2

========================================================================
Received Import Request.
  Time since last request: 0.000019 seconds.
  path: Assets/Marius N11608412/Third Person Controller/Robot Kyle/Materials/Robot_Color.mat
  importAddress: Guid(0aa851515cd3747d6b3b3e461199a2ed) Importer(2089858483,b0f066a214c2f5e87bad3c948f4d605d)
Start importing Assets/Marius N11608412/Third Person Controller/Robot Kyle/Materials/Robot_Color.mat using Guid(0aa851515cd3747d6b3b3e461199a2ed) Importer(2089858483,b0f066a214c2f5e87bad3c948f4d605d) (ScriptedImporter) -> (Import Result ID: '7825c61550f1caa3f26430fb06fbf6a4') in 0.0185639 seconds [static and dynamic dependencies]. Details - ImportResultOutputID=d3434cec417c20e6b9083dc817a9deb9 DependenciesID=669b94e44749068fcfb3ccc070a450c5 StaticDependenciesID=3696a308587021838a5186f1c6ff11a8 
Number of updated asset objects reloaded before import = 0Number of asset objects unloaded after import = 3

========================================================================
Received Import Request.
  Time since last request: 0.000019 seconds.
  path: Assets/Marius N11608412/Materials and Textures/Walls And Floors/Models/Stone/materials/Door-Stone-Model-01.mat
  importAddress: Guid(204b0ea5595393c4d950b931f84f64a9) Importer(2089858483,b0f066a214c2f5e87bad3c948f4d605d)
Start importing Assets/Marius N11608412/Materials and Textures/Walls And Floors/Models/Stone/materials/Door-Stone-Model-01.mat using Guid(204b0ea5595393c4d950b931f84f64a9) Importer(2089858483,b0f066a214c2f5e87bad3c948f4d605d) (ScriptedImporter) -> (Import Result ID: 'fb59e92e7dbccddf205b9e3d9cb9f8b5') in 0.0124135 seconds [static and dynamic dependencies]. Details - ImportResultOutputID=1bc82799fa6f1982af723e013ee15cd4 DependenciesID=5e11a25f955c285765131d96a66f67f8 StaticDependenciesID=4e6bf0421b7a1c6cf31cb7a1d32181d6 
Number of updated asset objects reloaded before import = 0Number of asset objects unloaded after import = 2

========================================================================
Received Import Request.
  Time since last request: 0.000016 seconds.
  path: Assets/Marius N11608412/Materials and Textures/Walls And Floors/Models/Stone/materials/Wall-Stone-Model-02.mat
  importAddress: Guid(2bac18ecbe07be6478b5a06a0bd36a15) Importer(2089858483,b0f066a214c2f5e87bad3c948f4d605d)
Start importing Assets/Marius N11608412/Materials and Textures/Walls And Floors/Models/Stone/materials/Wall-Stone-Model-02.mat using Guid(2bac18ecbe07be6478b5a06a0bd36a15) Importer(2089858483,b0f066a214c2f5e87bad3c948f4d605d) (ScriptedImporter) -> (Import Result ID: 'b264a974a84b7a41ea435c488e945f4f') in 0.012151 seconds [static and dynamic dependencies]. Details - ImportResultOutputID=564409dd01247cf2d8ae508cfdbd550e DependenciesID=c7311d388dd699f17e67615914a7c087 StaticDependenciesID=e7d3b823579ac619039b1b4d6ee42114 
Number of updated asset objects reloaded before import = 0Number of asset objects unloaded after import = 2

========================================================================
Received Import Request.
  Time since last request: 0.000024 seconds.
  path: Assets/Marius N11608412/Materials and Textures/Workshop 3 Materials/Materials/wood texture.mat
  importAddress: Guid(0b2c0b300b37d5744b854ecff40c4cdb) Importer(2089858483,b0f066a214c2f5e87bad3c948f4d605d)
Start importing Assets/Marius N11608412/Materials and Textures/Workshop 3 Materials/Materials/wood texture.mat using Guid(0b2c0b300b37d5744b854ecff40c4cdb) Importer(2089858483,b0f066a214c2f5e87bad3c948f4d605d) (ScriptedImporter) -> (Import Result ID: '4950905187c863f2083d1c6b1eb43e1e') in 0.0133812 seconds [static and dynamic dependencies]. Details - ImportResultOutputID=12ee441cd917a81a0f30454f6c997d08 DependenciesID=15920d63103117cc0ae6285ae6022ea9 StaticDependenciesID=e601ff745af8a09010db5c94350aa5e9 
Number of updated asset objects reloaded before import = 0Number of asset objects unloaded after import = 2

========================================================================
Received Import Request.
  Time since last request: 0.000024 seconds.
  path: Assets/Marius N11608412/Materials and Textures/Walls And Floors/Models/Stone/materials/Door-Stone-Model-03.mat
  importAddress: Guid(fa7fadc7b74c7b44b80f5b0dea2d59f7) Importer(2089858483,b0f066a214c2f5e87bad3c948f4d605d)
Start importing Assets/Marius N11608412/Materials and Textures/Walls And Floors/Models/Stone/materials/Door-Stone-Model-03.mat using Guid(fa7fadc7b74c7b44b80f5b0dea2d59f7) Importer(2089858483,b0f066a214c2f5e87bad3c948f4d605d) (ScriptedImporter) -> (Import Result ID: 'f71776816f2213085218eb08d0e00eb5') in 0.0173226 seconds [static and dynamic dependencies]. Details - ImportResultOutputID=498c637c387ada21282a3f2576bfe243 DependenciesID=06bd71699e4d5f19c3424575c4314b5a StaticDependenciesID=d042c92b7ef99fc0045cc4681cc349d9 
Number of updated asset objects reloaded before import = 0Number of asset objects unloaded after import = 2

========================================================================
Received Import Request.
  Time since last request: 0.000030 seconds.
  path: Assets/Marius N11608412/Materials and Textures/Workshop 3 Materials/Coat Of Arms.mat
  importAddress: Guid(c67257a81bceb2744a76b4842b91a2c2) Importer(2089858483,b0f066a214c2f5e87bad3c948f4d605d)
Start importing Assets/Marius N11608412/Materials and Textures/Workshop 3 Materials/Coat Of Arms.mat using Guid(c67257a81bceb2744a76b4842b91a2c2) Importer(2089858483,b0f066a214c2f5e87bad3c948f4d605d) (ScriptedImporter) -> (Import Result ID: '76fb4e684890e127ac65abe931d65e2a') in 0.0229267 seconds [static and dynamic dependencies]. Details - ImportResultOutputID=907537d71498b4da6b3e94ed02c1188f DependenciesID=9f4ccbc01a8681c65b00149dd3c7269c StaticDependenciesID=827b18052273f11024a8a8684b6ebb13 
Number of updated asset objects reloaded before import = 0Number of asset objects unloaded after import = 2

========================================================================
Received Import Request.
  Time since last request: 0.000033 seconds.
  path: Assets/Marius N11608412/Materials and Textures/Walls And Floors/Models/Stone/materials/Floor-Stone-Model-02.mat
  importAddress: Guid(5ef5271cc1e75574995ddec7d0186fc6) Importer(2089858483,b0f066a214c2f5e87bad3c948f4d605d)
Start importing Assets/Marius N11608412/Materials and Textures/Walls And Floors/Models/Stone/materials/Floor-Stone-Model-02.mat using Guid(5ef5271cc1e75574995ddec7d0186fc6) Importer(2089858483,b0f066a214c2f5e87bad3c948f4d605d) (ScriptedImporter) -> (Import Result ID: '8f3f3899d6949f5dde708509aae18e6b') in 0.013214 seconds [static and dynamic dependencies]. Details - ImportResultOutputID=74b611af1044d25f880f979fedbd2457 DependenciesID=71c9bc8dd006d51ae06b819166d757c8 StaticDependenciesID=ca83b6916ff0babfbc56820fb59a2c5d 
Number of updated asset objects reloaded before import = 0Number of asset objects unloaded after import = 2

========================================================================
Received Import Request.
  Time since last request: 0.000025 seconds.
  path: Assets/Marius N11608412/Materials and Textures/Workshop 3 Materials/Profile Picture.mat
  importAddress: Guid(fce1f5a5b3be75141981af58d134bd29) Importer(2089858483,b0f066a214c2f5e87bad3c948f4d605d)
Start importing Assets/Marius N11608412/Materials and Textures/Workshop 3 Materials/Profile Picture.mat using Guid(fce1f5a5b3be75141981af58d134bd29) Importer(2089858483,b0f066a214c2f5e87bad3c948f4d605d) (ScriptedImporter) -> (Import Result ID: '193265f0d79b757ae34adc6436e06e3a') in 0.0147971 seconds [static and dynamic dependencies]. Details - ImportResultOutputID=d5656a33e2861f5384fc1e1a5794d107 DependenciesID=919119d54f7e0a00bea29eea29d802fe StaticDependenciesID=327f44e9e307212eb935783a7b6c6abf 
Number of updated asset objects reloaded before import = 0Number of asset objects unloaded after import = 2

========================================================================
Received Prepare
Unloading 0 Unused Serialized files (Serialized files now loaded: 0)
Unloading 67 unused Assets / (1.1 KB). Loaded Objects now: 737.
Memory consumption went from 70.4 MB to 70.4 MB.
Total: 7.039100 ms (FindLiveObjects: 0.135500 ms CreateObjectMapping: 0.015000 ms MarkObjects: 6.835600 ms  DeleteObjects: 0.051000 ms)

Prepare: number of updated asset objects reloaded= 14
Editor requested this worker to shutdown with reason: Scaling down because of idle timeout
AssetImportWorker is now disconnected from the server
Process exiting
Exiting without the bug reporter. Application will terminate with return code 0